// Jest Snapshot v1, https://goo.gl/fbAQLP

exports[`LineTruncation renders default line truncation 1`] = `
<DocumentFragment>
  <span
    class="emotion-0"
  />
</DocumentFragment>
`;

exports[`LineTruncation renders with line truncation attribute 1`] = `
<DocumentFragment>
  .emotion-0 {
  display: -webkit-box;
  -webkit-line-clamp: 2;
  -webkit-box-orient: vertical;
  overflow: hidden;
}

<span
    class="emotion-0"
  >
    Lorem ipsum dolor sit amet, consectetur adipiscing elit. Vestibulum sed eleifend arcu. Etiam vehicula cursus tellus vitae eleifend. Vivamus eget tellus id tellus porttitor ornare pharetra eget ligula. Interdum et malesuada fames ac ante ipsum primis in faucibus. Praesent mollis est ipsum.
  </span>
</DocumentFragment>
`;
