// Jest Snapshot v1, https://goo.gl/fbAQLP

exports[`HeaderIndex renders without crashing 1`] = `
<DocumentFragment>
  .emotion-0 {
  background-color: #F4F4F4;
}

@media screen and (max-width: 767px) {
  .emotion-0 {
    margin-bottom: 48px;
  }
}

@media screen and (min-width: 768px) {
  .emotion-0 {
    margin-bottom: 64px;
  }
}

.emotion-1 {
  width: 100%;
  max-width: 1920px;
  margin: 0 auto;
}

.emotion-2 {
  box-sizing: border-box;
  -webkit-background-clip: padding-box;
  background-clip: padding-box;
  display: -webkit-box;
  display: -webkit-flex;
  display: -ms-flexbox;
  display: flex;
  -webkit-box-flex-wrap: wrap;
  -webkit-flex-wrap: wrap;
  -ms-flex-wrap: wrap;
  flex-wrap: wrap;
  -webkit-flex-direction: row;
  -ms-flex-direction: row;
  flex-direction: row;
  -webkit-align-items: center;
  -webkit-box-align: center;
  -ms-flex-align: center;
  align-items: center;
}

@media screen {
  .emotion-2 {
    margin: -8px 4px 0 4px;
  }
}

@media screen and (min-width: 480px) {
  .emotion-2 {
    margin: -8px 4px 0 4px;
  }
}

@media screen and (min-width: 768px) {
  .emotion-2 {
    margin: -12px 4px 0 4px;
  }
}

@media screen and (min-width: 1024px) {
  .emotion-2 {
    margin: -12px 12px 0 12px;
  }
}

@media screen and (min-width: 1440px) {
  .emotion-2 {
    margin: -12px 12px 0 12px;
  }
}

@media screen and (min-width: 1024px) {
  .emotion-2 {
    min-height: 440px;
  }
}

.emotion-3 {
  box-sizing: border-box;
  -webkit-background-clip: padding-box;
  background-clip: padding-box;
  -webkit-flex: 1 0 auto;
  -ms-flex: 1 0 auto;
  flex: 1 0 auto;
}

@media screen {
  .emotion-3 {
    padding: 0 12px;
    margin-top: 8px;
    margin-left: 8.333333333333334%;
    -webkit-flex-basis: 83.33333333333334%;
    -ms-flex-preferred-size: 83.33333333333334%;
    flex-basis: 83.33333333333334%;
    max-width: 83.33333333333334%;
  }
}

@media screen and (min-width: 480px) {
  .emotion-3 {
    margin-left: 33.333333333333336%;
    -webkit-flex-basis: 66.66666666666667%;
    -ms-flex-preferred-size: 66.66666666666667%;
    flex-basis: 66.66666666666667%;
    max-width: 66.66666666666667%;
  }
}

@media screen and (min-width: 768px) {
  .emotion-3 {
    margin-top: 12px;
    margin-left: 50%;
    -webkit-flex-basis: 50%;
    -ms-flex-preferred-size: 50%;
    flex-basis: 50%;
    max-width: 50%;
  }
}

@media screen and (min-width: 1024px) {
  .emotion-3 {
    -webkit-order: 2;
    -ms-flex-order: 2;
    order: 2;
    margin-left: 0;
    -webkit-flex-basis: 41.66666666666667%;
    -ms-flex-preferred-size: 41.66666666666667%;
    flex-basis: 41.66666666666667%;
    max-width: 41.66666666666667%;
  }
}

.emotion-4 {
  position: relative;
  width: 100%;
  display: block;
  padding-top: 0;
  height: 0;
  width: 100%;
  border-radius: 8px;
  background-color: #F4F4F4;
}

.emotion-4 svg {
  fill: #C0C0C0;
}

.emotion-5 {
  top: 0;
  left: 0;
  position: absolute;
  display: -webkit-box;
  display: -webkit-flex;
  display: -ms-flexbox;
  display: flex;
  -webkit-flex-direction: column;
  -ms-flex-direction: column;
  flex-direction: column;
  -webkit-box-pack: center;
  -ms-flex-pack: center;
  -webkit-justify-content: center;
  justify-content: center;
  width: 100%;
  height: 100%;
  margin: 0;
}

.emotion-6 {
  opacity: 0;
  display: block;
  border-radius: inherit;
  height: auto;
  width: 100%;
  top: 0;
  left: 0;
  position: absolute;
}

.emotion-7 {
  box-sizing: border-box;
  -webkit-background-clip: padding-box;
  background-clip: padding-box;
  -webkit-flex: 1 0 auto;
  -ms-flex: 1 0 auto;
  flex: 1 0 auto;
}

@media screen {
  .emotion-7 {
    padding: 0 12px;
    margin-top: 8px;
    -webkit-flex-basis: 91.66666666666667%;
    -ms-flex-preferred-size: 91.66666666666667%;
    flex-basis: 91.66666666666667%;
    max-width: 91.66666666666667%;
  }
}

@media screen and (min-width: 768px) {
  .emotion-7 {
    margin-top: 12px;
    margin-left: 8.333333333333334%;
    -webkit-flex-basis: 66.66666666666667%;
    -ms-flex-preferred-size: 66.66666666666667%;
    flex-basis: 66.66666666666667%;
    max-width: 66.66666666666667%;
  }
}

@media screen and (min-width: 1024px) {
  .emotion-7 {
    -webkit-flex-basis: 50%;
    -ms-flex-preferred-size: 50%;
    flex-basis: 50%;
    max-width: 50%;
  }
}

@media screen and (max-width: 767px) {
  .emotion-8 {
    margin-bottom: 32px;
  }
}

@media screen and (min-width: 768px) {
  .emotion-8 {
    margin-bottom: 40px;
  }
}

.emotion-9 {
  margin: 0;
  color: #0A0A0A;
}

.emotion-9 svg {
  fill: #0A0A0A;
}

@media screen and (max-width: 767px) {
  .emotion-9 {
    font-family: "Poppins",sans-serif;
    font-size: 32px;
    line-height: 36px;
    font-weight: 700;
    letter-spacing: 0;
    padding: 0.5px 0px;
  }

  .emotion-9::before {
    content: '';
    margin-bottom: -0.2155em;
    display: block;
  }

  .emotion-9::after {
    content: '';
    margin-top: -0.2125em;
    display: block;
  }
}

@media screen and (min-width: 768px) {
  .emotion-9 {
    font-family: "Poppins",sans-serif;
    font-size: 40px;
    line-height: 45px;
    font-weight: 700;
    letter-spacing: 0;
    padding: 0.5px 0px;
  }

  .emotion-9::before {
    content: '';
    margin-bottom: -0.2155em;
    display: block;
  }

  .emotion-9::after {
    content: '';
    margin-top: -0.2125em;
    display: block;
  }
}

@media screen and (max-width: 1023px) {
  .emotion-10 {
    margin-bottom: 48px;
  }
}

@media screen and (min-width: 1024px) {
  .emotion-10 {
    margin-bottom: 0;
  }
}

.emotion-11 {
  margin: 0;
  color: #2E2E2E;
  font-family: "Poppins",sans-serif;
  font-size: 20px;
  line-height: 30px;
  font-weight: 500;
  letter-spacing: 0;
  padding: 0.5px 0px;
}

.emotion-11 svg {
  fill: #2E2E2E;
}

.emotion-11::before {
  content: '';
  margin-bottom: -0.403em;
  display: block;
}

.emotion-11::after {
  content: '';
  margin-top: -0.4em;
  display: block;
}

<div
    class="emotion-0"
  >
    <div
      class="emotion-1"
    >
      <div
        class="emotion-2"
      >
        <div
          class="emotion-3"
        >
          <picture
            class="emotion-4"
          >
            <div
              class="emotion-5"
            />
            <img
              alt=""
              class="emotion-6"
              src="test"
            />
          </picture>
        </div>
        <div
          class="emotion-7"
        >
          <div
            class="emotion-8"
          >
            <h1
              class="emotion-9"
            >
              Foundations
            </h1>
          </div>
          <div
            class="emotion-10"
          >
            <p
              class="emotion-11"
            >
              description
            </p>
          </div>
        </div>
      </div>
    </div>
  </div>
</DocumentFragment>
`;
