// Jest Snapshot v1, https://goo.gl/fbAQLP

exports[`compileTheme full theme compile 1`] = `
Object {
  "borders": Object {
    "borderRadiusCircle": "50%",
    "borderRadiusDefault": "8px",
    "borderRadiusPill": "20rem",
    "borderRadiusRounded010": "4px",
    "borderRadiusRounded020": "8px",
    "borderRadiusRounded030": "12px",
    "borderRadiusRounded040": "16px",
    "borderRadiusRounded050": "24px",
    "borderRadiusSharp": "0",
    "borderWidth000": "0",
    "borderWidth010": "1px",
    "borderWidth020": "2px",
    "borderWidth030": "4px",
    "borderWidthDefault": "1px",
  },
  "breakpoints": Object {
    "lg": 1024,
    "md": 768,
    "sm": 480,
    "xl": 1440,
    "xs": 0,
  },
  "colors": Object {
    "amber010": "#FFEECF",
    "amber020": "#FFDB9D",
    "amber030": "#FFC058",
    "amber040": "#FFAD2C",
    "amber050": "#FF9900",
    "amber060": "#FF8F00",
    "amber070": "#FF8200",
    "amber080": "#FF7200",
    "amber090": "#FF6000",
    "amber100": "#FF4B00",
    "black": "#0A0A0A",
    "blackTint010": "rgba(10,10,10,0.1)",
    "blackTint020": "rgba(10,10,10,0.2)",
    "blackTint030": "rgba(10,10,10,0.3)",
    "blackTint040": "rgba(10,10,10,0.4)",
    "blackTint050": "rgba(10,10,10,0.5)",
    "blackTint060": "rgba(10,10,10,0.6)",
    "blackTint070": "rgba(10,10,10,0.7)",
    "blackTint080": "rgba(10,10,10,0.8)",
    "blackTint090": "rgba(10,10,10,0.9)",
    "blue010": "#E0E7FF",
    "blue020": "#AEBFFF",
    "blue030": "#87A4FC",
    "blue040": "#577FFB",
    "blue050": "#446BE4",
    "blue060": "#3358CC",
    "blue070": "#2B4AAB",
    "blue080": "#213A82",
    "blue090": "#213A5F",
    "blue100": "#192C48",
    "focus010": "#3768FB",
    "green010": "#E6FAEB",
    "green020": "#B8EFC8",
    "green030": "#8EE1A6",
    "green040": "#67CF86",
    "green050": "#42BA67",
    "green060": "#23A248",
    "green070": "#148F39",
    "green080": "#0A782A",
    "green090": "#005D1C",
    "green100": "#003E11",
    "inkBase": "#2E2E2E",
    "inkBrand010": "#3358CC",
    "inkBrand020": "#AEBFFF",
    "inkContrast": "#0A0A0A",
    "inkInformative": "#05717D",
    "inkInverse": "#FFFFFF",
    "inkNegative": "#D20600",
    "inkNonEssential": "#C0C0C0",
    "inkNotice": "#535353",
    "inkPositive": "#0A782A",
    "inkSubtle": "#535353",
    "interactiveDisabled010": "#F4F4F4",
    "interactiveFocus010": "#3768FB",
    "interactiveInput010": "#FAFAFA",
    "interactiveInput020": "#CCCCCC",
    "interactiveInput030": "#E0E7FF",
    "interactiveInput040": "#3358CC",
    "interactiveInput050": "#2B4AAB",
    "interactiveInverse010": "rgba(255,255,255,0.1)",
    "interactiveInverse020": "rgba(255,255,255,0.2)",
    "interactiveInverse030": "#FFFFFF",
    "interactiveInverse040": "rgba(255,255,255,0.7)",
    "interactiveInverse050": "rgba(255,255,255,0.8)",
    "interactiveNegative010": "#FFE6E5",
    "interactiveNegative020": "#FFB8B8",
    "interactiveNegative030": "#EF1703",
    "interactiveNegative040": "#D20600",
    "interactiveNegative050": "#A60100",
    "interactivePositive010": "#E6FAEB",
    "interactivePositive020": "#B8EFC8",
    "interactivePositive030": "#23A248",
    "interactivePositive040": "#148F39",
    "interactivePositive050": "#0A782A",
    "interactivePrimary010": "#E0E7FF",
    "interactivePrimary020": "#AEBFFF",
    "interactivePrimary030": "#3358CC",
    "interactivePrimary040": "#2B4AAB",
    "interactivePrimary050": "#213A82",
    "interactiveSecondary010": "#FAFAFA",
    "interactiveSecondary020": "#F4F4F4",
    "interactiveSecondary030": "#535353",
    "interactiveSecondary040": "#2E2E2E",
    "interactiveSecondary050": "#0A0A0A",
    "interactiveVisited010": "#5E44E4",
    "interface010": "#FFFFFF",
    "interface020": "#FAFAFA",
    "interface030": "#F4F4F4",
    "interface040": "#DEDEDE",
    "interface050": "#CCCCCC",
    "interface060": "#0A0A0A",
    "interfaceBackground": "#FFFFFF",
    "interfaceBrand010": "#3358CC",
    "interfaceBrand020": "#AEBFFF",
    "interfaceInformative010": "#05717D",
    "interfaceInformative020": "#EBF8F9",
    "interfaceNegative010": "#D20600",
    "interfaceNegative020": "#FFE6E5",
    "interfaceNeutral010": "#535353",
    "interfaceNeutral020": "#FAFAFA",
    "interfaceNotice010": "#535353",
    "interfaceNotice020": "#F4F4F4",
    "interfacePositive010": "#0A782A",
    "interfacePositive020": "#E6FAEB",
    "interfaceSkeleton010": "#F4F4F4",
    "interfaceSkeleton020": "#DEDEDE",
    "neutral010": "#FAFAFA",
    "neutral020": "#F4F4F4",
    "neutral030": "#DEDEDE",
    "neutral040": "#CCCCCC",
    "neutral050": "#C0C0C0",
    "neutral060": "#9C9C9C",
    "neutral070": "#777777",
    "neutral080": "#535353",
    "neutral090": "#2E2E2E",
    "neutral100": "#0A0A0A",
    "purple010": "#E5E0FF",
    "purple020": "#BBAEFF",
    "purple030": "#9B87FC",
    "purple040": "#7264EF",
    "purple050": "#5E44E4",
    "purple060": "#4C33CC",
    "purple070": "#442EB5",
    "purple080": "#36248C",
    "purple090": "#332770",
    "purple100": "#2A205C",
    "red010": "#FFE6E5",
    "red020": "#FFB8B8",
    "red030": "#FF8A8A",
    "red040": "#FF5C5C",
    "red050": "#FF362E",
    "red060": "#EF1703",
    "red070": "#D20600",
    "red080": "#A60100",
    "red090": "#790101",
    "red100": "#4D0000",
    "socialApple": "#000000",
    "socialFacebook": "#1877F2",
    "socialGithub": "#000000",
    "socialGoogleBlue": "#4285F4",
    "socialGoogleGreen": "#0F9D58",
    "socialGoogleRed": "#DB4437",
    "socialGoogleYellow": "#F4B400",
    "socialInstagram": "#C32AA3",
    "socialReddit": "#FF4500",
    "socialTwitter": "#1DA1F2",
    "socialWhatsapp": "#25D366",
    "socialYoutube": "#FF0000",
    "teal010": "#EBF8F9",
    "teal020": "#A8E0E6",
    "teal030": "#81D2DA",
    "teal040": "#65BBC4",
    "teal050": "#41A0AA",
    "teal060": "#06808E",
    "teal070": "#05717D",
    "teal080": "#0D575E",
    "teal090": "#093E43",
    "teal100": "#083136",
    "transparent": "transparent",
    "white": "#FFFFFF",
    "whiteTint010": "rgba(255,255,255,0.1)",
    "whiteTint020": "rgba(255,255,255,0.2)",
    "whiteTint030": "rgba(255,255,255,0.3)",
    "whiteTint040": "rgba(255,255,255,0.4)",
    "whiteTint050": "rgba(255,255,255,0.5)",
    "whiteTint060": "rgba(255,255,255,0.6)",
    "whiteTint070": "rgba(255,255,255,0.7)",
    "whiteTint080": "rgba(255,255,255,0.8)",
    "whiteTint090": "rgba(255,255,255,0.9)",
  },
  "compiled": true,
  "componentDefaults": Object {},
  "fonts": Object {
    "fontFamily010": Object {
      "fontFamily": "\\"DM Sans\\", sans-serif",
      "fontMetrics": Object {
        "fontWeight010": Object {
          "ascent": 992,
          "capHeight": 700,
          "descent": -310,
          "lineGap": 0,
          "unitsPerEm": 1000,
        },
      },
    },
    "fontFamily020": Object {
      "fontFamily": "\\"Bitter\\", serif",
      "fontMetrics": Object {
        "fontWeight010": Object {
          "ascent": 935,
          "capHeight": 692,
          "descent": -265,
          "lineGap": 0,
          "unitsPerEm": 1000,
        },
      },
    },
    "fontFamily030": Object {
      "fontFamily": "\\"Poppins\\", sans-serif",
      "fontMetrics": Object {
        "fontWeight010": Object {
          "ascent": 1050,
          "capHeight": 697,
          "descent": -350,
          "lineGap": 100,
          "unitsPerEm": 1000,
        },
      },
    },
    "fontLetterSpacing010": "-0.5px",
    "fontLetterSpacing020": "-0.25px",
    "fontLetterSpacing030": "0",
    "fontLetterSpacing040": "0.25px",
    "fontLetterSpacing050": "0.5px",
    "fontLineHeight010": 1,
    "fontLineHeight020": 1.125,
    "fontLineHeight030": 1.25,
    "fontLineHeight040": 1.5,
    "fontLineHeight050": 1.75,
    "fontLineHeight060": 2,
    "fontSize010": "12px",
    "fontSize020": "14px",
    "fontSize030": "16px",
    "fontSize040": "18px",
    "fontSize050": "20px",
    "fontSize060": "22px",
    "fontSize070": "24px",
    "fontSize080": "28px",
    "fontSize090": "32px",
    "fontSize100": "36px",
    "fontSize110": "40px",
    "fontSize120": "44px",
    "fontSize130": "48px",
    "fontSize140": "56px",
    "fontSize150": "64px",
    "fontSize160": "80px",
    "fontWeight010": 400,
    "fontWeight020": 500,
    "fontWeight030": 600,
    "fontWeight040": 700,
  },
  "icons": Object {},
  "motions": Object {
    "motionDuration000": "0ms",
    "motionDuration010": "100ms",
    "motionDuration020": "200ms",
    "motionDuration030": "300ms",
    "motionDuration040": "400ms",
    "motionDuration050": "500ms",
    "motionTimingEaseIn": "cubic-bezier(.5, 0, 1, 1)",
    "motionTimingEaseInAndOut": "cubic-bezier(.5, 0, .5, 1)",
    "motionTimingEaseOut": "cubic-bezier(0, 0, .5, 1)",
    "motionTimingLinear": "linear",
  },
  "name": "my theme",
  "outlines": Object {
    "outlineColorDefault": "#3768FB",
    "outlineOffsetDefault": "2px",
    "outlineStyleDefault": "solid",
    "outlineWidthDefault": "2px",
    "safariOutlineOffsetDefault": "2px",
    "safariOutlineStyleDefault": "auto",
  },
  "overlays": Object {
    "opacity000": "0",
    "opacity010": "0.1",
    "opacity020": "0.2",
    "opacity030": "0.3",
    "opacity040": "0.4",
    "opacity050": "0.5",
    "opacity060": "0.6",
    "opacity070": "0.7",
    "opacity080": "0.8",
    "opacity090": "0.9",
    "opacity100": "1",
    "overlayGradientBaseHorizontal": "linear-gradient(270deg, rgba(255,255,255,0) 0%, rgba(255,255,255,1) 100%)",
    "overlayGradientBaseVertical": "linear-gradient(0deg, rgba(255,255,255,0) 0%, rgba(255,255,255,1) 100%)",
    "overlayGradientFromBottom": "linear-gradient(180deg, rgba(10,10,10,0.00) 0%, rgba(10,10,10,1.00) 100%)",
    "overlayGradientFromBottomLeft": "linear-gradient(225deg, rgba(10,10,10,0.00) 0%, rgba(10,10,10,1.00) 100%)",
    "overlayGradientFromBottomRight": "linear-gradient(135deg, rgba(10,10,10,0.00) 0%, rgba(10,10,10,1.00) 100%)",
    "overlayGradientFromLeft": "linear-gradient(-90deg, rgba(10,10,10,0.00) 0%, rgba(10,10,10,1.00) 100%)",
    "overlayGradientFromRight": "linear-gradient(90deg, rgba(10,10,10,0.00) 0%, rgba(10,10,10,1.00) 100%)",
    "overlayGradientFromTop": "linear-gradient(0deg, rgba(10,10,10,0.00) 0%, rgba(10,10,10,0.99) 100%)",
    "overlayGradientFromTopLeft": "linear-gradient(-45deg, rgba(10,10,10,0.00) 0%, rgba(10,10,10,1.00) 99.25%)",
    "overlayGradientFromTopRight": "linear-gradient(45deg, rgba(10,10,10,0.00) 0%, rgba(10,10,10,1.00) 100%)",
    "overlayGradientInverseHorizontal": "linear-gradient(270deg, rgba(10,10,10,0) 0%, rgba(10,10,10,1) 100%)",
    "overlayGradientInverseVertical": "linear-gradient(0deg, rgba(10,10,10,0) 0%, rgba(10,10,10,1) 100%)",
    "overlayTintBase010": "rgba(10,10,10,0.2)",
    "overlayTintBase020": "rgba(10,10,10,0.4)",
    "overlayTintBase030": "rgba(10,10,10,0.6)",
    "overlayTintBase040": "rgba(10,10,10,0.8)",
    "overlayTintInverse010": "rgba(255,255,255,0.2)",
    "overlayTintInverse020": "rgba(255,255,255,0.4)",
    "overlayTintInverse030": "rgba(255,255,255,0.6)",
    "overlayTintInverse040": "rgba(255,255,255,0.8)",
  },
  "shadows": Object {
    "shadow010": "0 0 2px 0 rgba(10,10,10,0.08)",
    "shadow020": "0 2px 4px 0 rgba(10,10,10,0.08)",
    "shadow030": "0 4px 8px 0 rgba(10,10,10,0.08)",
    "shadow040": "0 8px 16px 0 rgba(10,10,10,0.08)",
    "shadow050": "0 16px 24px 0 rgba(10,10,10,0.08)",
    "shadow060": "0 20px 32px 0 rgba(10,10,10,0.08)",
  },
  "sizing": Object {
    "iconSize005": "8px",
    "iconSize010": "16px",
    "iconSize020": "24px",
    "iconSize030": "32px",
    "iconSize040": "48px",
    "iconSize050": "64px",
    "sizing000": "0",
    "sizing010": "4px",
    "sizing020": "8px",
    "sizing030": "12px",
    "sizing040": "16px",
    "sizing045": "20px",
    "sizing050": "24px",
    "sizing060": "32px",
    "sizing070": "40px",
    "sizing080": "48px",
    "sizing090": "64px",
    "sizing100": "80px",
    "sizing110": "120px",
    "sizing120": "160px",
  },
  "spacePresets": Object {
    "space000": "0",
    "space010": "4px",
    "space020": "8px",
    "space030": "12px",
    "space040": "16px",
    "space045": "20px",
    "space050": "24px",
    "space060": "32px",
    "space070": "40px",
    "space080": "48px",
    "space090": "64px",
    "space100": "80px",
    "space110": "120px",
    "space120": "160px",
    "spaceInset000": "0",
    "spaceInset010": "4px",
    "spaceInset020": "8px",
    "spaceInset030": "12px",
    "spaceInset040": "16px",
    "spaceInset045": "20px",
    "spaceInset050": "24px",
    "spaceInset060": "32px",
    "spaceInset070": "48px",
    "spaceInsetSquish000": "0",
    "spaceInsetSquish010": "4px 8px",
    "spaceInsetSquish020": "8px 12px",
    "spaceInsetSquish030": "12px 16px",
    "spaceInsetSquish040": "16px 24px",
    "spaceInsetSquish050": "24px 32px",
    "spaceInsetSquish060": "32px 48px",
    "spaceInsetStretch000": "0",
    "spaceInsetStretch010": "8px 4px",
    "spaceInsetStretch020": "12px 8px",
    "spaceInsetStretch030": "16px 12px",
    "spaceInsetStretch040": "24px 16px",
    "spaceInsetStretch050": "32px 24px",
    "spaceInsetStretch060": "48px 32px",
  },
  "stylePresets": Object {
    "controlLabel": Object {
      "base": Object {
        "color": "#2E2E2E",
      },
      "disabled": Object {
        "color": "#C0C0C0",
      },
    },
    "feedback": Object {
      "base": Object {
        "backgroundColor": "#3358CC",
        "borderRadius": "50%",
        "opacity": "0",
      },
      "disabled": Object {
        "opacity": "0",
      },
      "hover": Object {
        "opacity": "0.2",
      },
      "hover:active": Object {
        "opacity": "0.4",
      },
      "invalid:hover": Object {
        "backgroundColor": "#D20600",
        "opacity": "0.2",
      },
      "invalid:hover:active": Object {
        "backgroundColor": "#D20600",
        "opacity": "0.4",
      },
      "valid:hover": Object {
        "backgroundColor": "#148F39",
        "opacity": "0.2",
      },
      "valid:hover:active": Object {
        "backgroundColor": "#148F39",
        "opacity": "0.4",
      },
    },
    "inkBase": Object {
      "base": Object {
        "color": "#2E2E2E",
        "iconColor": "#2E2E2E",
      },
    },
    "inkBrand010": Object {
      "base": Object {
        "color": "#3358CC",
        "iconColor": "#3358CC",
      },
    },
    "inkBrand020": Object {
      "base": Object {
        "color": "#AEBFFF",
        "iconColor": "#AEBFFF",
      },
    },
    "inkContrast": Object {
      "base": Object {
        "color": "#0A0A0A",
        "iconColor": "#0A0A0A",
      },
    },
    "inkInformative": Object {
      "base": Object {
        "color": "#05717D",
        "iconColor": "#05717D",
      },
    },
    "inkInverse": Object {
      "base": Object {
        "color": "#FFFFFF",
        "iconColor": "#FFFFFF",
      },
    },
    "inkNegative": Object {
      "base": Object {
        "color": "#D20600",
        "iconColor": "#D20600",
      },
    },
    "inkNonEssential": Object {
      "base": Object {
        "color": "#C0C0C0",
        "iconColor": "#C0C0C0",
      },
    },
    "inkNotice": Object {
      "base": Object {
        "color": "#535353",
        "iconColor": "#535353",
      },
    },
    "inkPositive": Object {
      "base": Object {
        "color": "#0A782A",
        "iconColor": "#0A782A",
      },
    },
    "inkSubtle": Object {
      "base": Object {
        "color": "#535353",
        "iconColor": "#535353",
      },
    },
    "inputField": Object {
      "base": Object {
        "backgroundColor": "transparent",
        "borderColor": "#CCCCCC",
        "borderRadius": "8px",
        "borderStyle": "solid",
        "borderWidth": "1px",
        "color": "#2E2E2E",
        "iconColor": "#2E2E2E",
        "placeholderColor": "#535353",
        "textOverflow": "ellipsis",
      },
      "disabled": Object {
        "borderColor": "#F4F4F4",
        "color": "#C0C0C0",
        "iconColor": "#C0C0C0",
      },
      "focus": Object {
        "backgroundColor": "#FAFAFA",
        "borderColor": "transparent",
        "outlineColor": "#3768FB",
        "outlineStyle": "solid",
        "outlineWidth": "2px",
        "safariOutlineStyle": "auto",
      },
      "hover": Object {
        "backgroundColor": "#FAFAFA",
      },
      "invalid": Object {
        "borderColor": "#EF1703",
      },
      "invalid:focus": Object {
        "backgroundColor": "#FAFAFA",
        "borderColor": "#3768FB",
      },
      "invalid:hover": Object {
        "backgroundColor": "#FAFAFA",
        "borderColor": "#EF1703",
      },
      "loading": Object {
        "iconColor": "#3358CC",
      },
      "valid": Object {
        "borderColor": "#23A248",
      },
      "valid:focus": Object {
        "backgroundColor": "#FAFAFA",
        "borderColor": "#3768FB",
      },
      "valid:hover": Object {
        "backgroundColor": "#FAFAFA",
        "borderColor": "#23A248",
      },
    },
    "selectOptionItem": Object {
      "active": Object {
        "backgroundColor": "#E0E7FF",
      },
      "base": Object {
        "backgroundColor": "transparent",
        "borderColor": "transparent",
        "borderRadius": "0",
        "borderStyle": "solid",
        "borderWidth": "1px",
        "color": "#2E2E2E",
        "textOverflow": "ellipsis",
      },
      "disabled": Object {
        "color": "#C0C0C0",
      },
      "focus": Object {
        "backgroundColor": "#FAFAFA",
        "borderColor": "#3358CC",
      },
      "hover": Object {
        "backgroundColor": "#FAFAFA",
      },
      "selected": Object {
        "backgroundColor": "#E0E7FF",
      },
      "selected:active": Object {
        "backgroundColor": "#E0E7FF",
      },
      "selected:focus": Object {
        "backgroundColor": "#E0E7FF",
        "borderColor": "#3358CC",
      },
      "selected:focus:active": Object {
        "backgroundColor": "#E0E7FF",
      },
      "selected:focus:hover": Object {
        "backgroundColor": "#E0E7FF",
        "color": "#0A0A0A",
      },
      "selected:hover": Object {
        "backgroundColor": "#E0E7FF",
        "color": "#0A0A0A",
      },
    },
    "selectOptionItemIcon": Object {
      "base": Object {
        "iconColor": "#3358CC",
      },
      "selected": Object {
        "iconColor": "#3358CC",
      },
      "selected:active": Object {
        "iconColor": "#3358CC",
      },
      "selected:focus": Object {
        "iconColor": "#3358CC",
      },
      "selected:hover": Object {
        "iconColor": "#3358CC",
      },
    },
    "uppercaseInkBase": Object {
      "base": Object {
        "color": "#2E2E2E",
        "iconColor": "#2E2E2E",
        "textTransform": "uppercase",
      },
    },
    "uppercaseInkBrand010": Object {
      "base": Object {
        "color": "#3358CC",
        "iconColor": "#3358CC",
        "textTransform": "uppercase",
      },
    },
    "uppercaseInkBrand020": Object {
      "base": Object {
        "color": "#AEBFFF",
        "iconColor": "#AEBFFF",
        "textTransform": "uppercase",
      },
    },
    "uppercaseInkContrast": Object {
      "base": Object {
        "color": "#0A0A0A",
        "iconColor": "#0A0A0A",
        "textTransform": "uppercase",
      },
    },
    "uppercaseInkInformative": Object {
      "base": Object {
        "color": "#05717D",
        "iconColor": "#05717D",
        "textTransform": "uppercase",
      },
    },
    "uppercaseInkInverse": Object {
      "base": Object {
        "color": "#FFFFFF",
        "iconColor": "#FFFFFF",
        "textTransform": "uppercase",
      },
    },
    "uppercaseInkNegative": Object {
      "base": Object {
        "color": "#D20600",
        "iconColor": "#D20600",
        "textTransform": "uppercase",
      },
    },
    "uppercaseInkNonEssential": Object {
      "base": Object {
        "color": "#C0C0C0",
        "iconColor": "#C0C0C0",
        "textTransform": "uppercase",
      },
    },
    "uppercaseInkNotice": Object {
      "base": Object {
        "color": "#535353",
        "iconColor": "#535353",
        "textTransform": "uppercase",
      },
    },
    "uppercaseInkPositive": Object {
      "base": Object {
        "color": "#0A782A",
        "iconColor": "#0A782A",
        "textTransform": "uppercase",
      },
    },
    "uppercaseInkSubtle": Object {
      "base": Object {
        "color": "#535353",
        "iconColor": "#535353",
        "textTransform": "uppercase",
      },
    },
  },
  "themeVersion": 1,
  "transitionPresets": Object {
    "backgroundColorChange": Object {
      "base": Object {
        "transitionDuration": "200ms",
        "transitionProperty": "background-color",
        "transitionTimingFunction": "cubic-bezier(0, 0, .5, 1)",
      },
    },
    "borderColorChange": Object {
      "base": Object {
        "transitionDuration": "200ms",
        "transitionProperty": "border-color",
        "transitionTimingFunction": "cubic-bezier(0, 0, .5, 1)",
      },
    },
    "fade": Object {
      "base": Object {
        "opacity": "0",
      },
      "enter": Object {
        "opacity": "0",
      },
      "enterActive": Object {
        "opacity": "1",
        "transitionDuration": "200ms",
        "transitionProperty": "opacity",
      },
      "enterDone": Object {
        "opacity": "1",
      },
      "exit": Object {
        "opacity": "1",
      },
      "exitActive": Object {
        "opacity": "0",
        "transitionDuration": "200ms",
        "transitionProperty": "opacity",
      },
      "exitDone": Object {
        "opacity": "0",
      },
    },
    "fontColorChange": Object {
      "base": Object {
        "transitionDuration": "200ms",
        "transitionProperty": "color",
        "transitionTimingFunction": "cubic-bezier(0, 0, .5, 1)",
      },
    },
    "grow": Object {
      "base": Object {},
      "enter": Object {
        "transform": "scale(0.5)",
      },
      "enterActive": Object {
        "transform": "scale(1)",
        "transitionDuration": "200ms",
        "transitionProperty": "transform",
      },
      "enterDone": Object {
        "transform": "scale(1)",
      },
      "exit": Object {
        "transform": "scale(1)",
      },
      "exitActive": Object {
        "transform": "scale(0.5)",
        "transitionDuration": "200ms",
        "transitionProperty": "transform",
      },
      "exitDone": Object {
        "transform": "scale(0.5)",
      },
    },
    "growOnClick": Object {
      "base": Object {
        "transform": "scale(1.7)",
        "transitionDuration": "200ms",
        "transitionProperty": "transform",
      },
    },
    "iconColorChange": Object {
      "base": Object {
        "transitionDuration": "200ms",
        "transitionProperty": "fill",
        "transitionTimingFunction": "cubic-bezier(0, 0, .5, 1)",
      },
    },
    "moveUp": Object {
      "appear": Object {},
      "appearActive": Object {},
      "appearDone": Object {},
      "base": Object {},
      "enter": Object {
        "transform": "translate(0, 20px)",
      },
      "enterActive": Object {
        "transform": "translate(0, 0)",
        "transitionDuration": "200ms",
        "transitionProperty": "transform",
        "transitionTimingFunction": "cubic-bezier(.5, 0, 1, 1)",
      },
      "enterDone": Object {
        "transform": "translate(0, 0)",
      },
      "exit": Object {
        "transform": "translate(0, 0)",
      },
      "exitActive": Object {
        "transform": "translate(0, 20px)",
        "transitionDuration": "200ms",
        "transitionProperty": "transform",
        "transitionTimingFunction": "cubic-bezier(0, 0, .5, 1)",
      },
      "exitDone": Object {
        "transform": "translate(0, 20px)",
      },
    },
    "opacityChange": Object {
      "base": Object {
        "transitionDuration": "200ms",
        "transitionProperty": "opacity",
        "transitionTimingFunction": "cubic-bezier(0, 0, .5, 1)",
      },
    },
    "shiftAbsolute": Object {
      "base": Object {
        "transitionDuration": "200ms",
        "transitionProperty": "inset",
        "transitionTimingFunction": "cubic-bezier(.5, 0, 1, 1)",
      },
    },
    "slideBottom": Object {
      "appear": Object {},
      "appearActive": Object {},
      "appearDone": Object {},
      "base": Object {
        "transform": "translateY(100%)",
      },
      "enter": Object {
        "transform": "translateY(100%)",
      },
      "enterActive": Object {
        "transform": "translateY(0)",
        "transitionDuration": "200ms",
        "transitionProperty": "transform",
        "transitionTimingFunction": "cubic-bezier(.5, 0, 1, 1)",
      },
      "enterDone": Object {
        "transform": "translateY(0)",
      },
      "exit": Object {
        "transform": "translateY(0)",
      },
      "exitActive": Object {
        "transform": "translateY(100%)",
        "transitionDuration": "200ms",
        "transitionProperty": "transform",
        "transitionTimingFunction": "cubic-bezier(0, 0, .5, 1)",
      },
      "exitDone": Object {
        "transform": "translateY(100%)",
      },
    },
    "slideLeft": Object {
      "appear": Object {},
      "appearActive": Object {},
      "appearDone": Object {},
      "base": Object {
        "transform": "translateX(-100%)",
      },
      "enter": Object {
        "transform": "translateX(-100%)",
      },
      "enterActive": Object {
        "transform": "translateX(0)",
        "transitionDuration": "200ms",
        "transitionProperty": "transform",
        "transitionTimingFunction": "cubic-bezier(.5, 0, 1, 1)",
      },
      "enterDone": Object {
        "transform": "translateX(0)",
      },
      "exit": Object {
        "transform": "translateX(0)",
      },
      "exitActive": Object {
        "transform": "translateX(-100%)",
        "transitionDuration": "200ms",
        "transitionProperty": "transform",
        "transitionTimingFunction": "cubic-bezier(0, 0, .5, 1)",
      },
      "exitDone": Object {
        "transform": "translateX(-100%)",
      },
    },
    "slideRight": Object {
      "appear": Object {},
      "appearActive": Object {},
      "appearDone": Object {},
      "base": Object {
        "transform": "translateX(100%)",
      },
      "enter": Object {
        "transform": "translateX(100%)",
      },
      "enterActive": Object {
        "transform": "translateX(0)",
        "transitionDuration": "200ms",
        "transitionProperty": "transform",
        "transitionTimingFunction": "cubic-bezier(.5, 0, 1, 1)",
      },
      "enterDone": Object {
        "transform": "translateX(0)",
      },
      "exit": Object {
        "transform": "translateX(0)",
      },
      "exitActive": Object {
        "transform": "translateX(100%)",
        "transitionDuration": "200ms",
        "transitionProperty": "transform",
        "transitionTimingFunction": "cubic-bezier(0, 0, .5, 1)",
      },
      "exitDone": Object {
        "transform": "translateX(100%)",
      },
    },
    "slideTop": Object {
      "appear": Object {},
      "appearActive": Object {},
      "appearDone": Object {},
      "base": Object {
        "transform": "translateY(-100%)",
      },
      "enter": Object {
        "transform": "translateY(-100%)",
      },
      "enterActive": Object {
        "transform": "translateY(0)",
        "transitionDuration": "200ms",
        "transitionProperty": "transform",
        "transitionTimingFunction": "cubic-bezier(.5, 0, 1, 1)",
      },
      "enterDone": Object {
        "transform": "translateY(0)",
      },
      "exit": Object {
        "transform": "translateY(0)",
      },
      "exitActive": Object {
        "transform": "translateY(-100%)",
        "transitionDuration": "200ms",
        "transitionProperty": "transform",
        "transitionTimingFunction": "linear",
      },
      "exitDone": Object {
        "transform": "translateY(-100%)",
      },
    },
    "widthChange": Object {
      "base": Object {
        "transitionDuration": "200ms",
        "transitionProperty": "width",
        "transitionTimingFunction": "cubic-bezier(0, 0, .5, 1)",
      },
      "enter": Object {
        "transitionDuration": "200ms",
        "transitionProperty": "width",
      },
      "enterActive": Object {
        "transitionDuration": "200ms",
        "transitionProperty": "width",
      },
      "enterDone": Object {},
      "exit": Object {},
      "exitActive": Object {
        "transitionDuration": "200ms",
        "transitionProperty": "width",
      },
      "exitDone": Object {},
    },
  },
  "typographyPresets": Object {
    "editorialCaption010": Object {
      "fontFamily": "\\"DM Sans\\", sans-serif",
      "fontSize": "14px",
      "fontWeight": 500,
      "letterSpacing": "0",
      "lineHeight": 1.5,
    },
    "editorialDisplay010": Object {
      "fontFamily": "\\"Bitter\\", serif",
      "fontSize": "44px",
      "fontWeight": 500,
      "letterSpacing": "0",
      "lineHeight": 1.125,
    },
    "editorialDisplay020": Object {
      "fontFamily": "\\"Bitter\\", serif",
      "fontSize": "48px",
      "fontWeight": 500,
      "letterSpacing": "0",
      "lineHeight": 1.125,
    },
    "editorialDisplay030": Object {
      "fontFamily": "\\"Bitter\\", serif",
      "fontSize": "56px",
      "fontWeight": 500,
      "letterSpacing": "0",
      "lineHeight": 1.125,
    },
    "editorialDropCap010": Object {
      "fontFamily": "\\"Bitter\\", serif",
      "fontSize": "44px",
      "fontWeight": 500,
      "letterSpacing": "0",
      "lineHeight": 1.125,
    },
    "editorialDropCap020": Object {
      "fontFamily": "\\"Bitter\\", serif",
      "fontSize": "48px",
      "fontWeight": 500,
      "letterSpacing": "0",
      "lineHeight": 1.125,
    },
    "editorialDropCap030": Object {
      "fontFamily": "\\"Bitter\\", serif",
      "fontSize": "56px",
      "fontWeight": 500,
      "letterSpacing": "0",
      "lineHeight": 1.125,
    },
    "editorialHeadline010": Object {
      "fontFamily": "\\"Bitter\\", serif",
      "fontSize": "18px",
      "fontWeight": 500,
      "letterSpacing": "0",
      "lineHeight": 1.125,
    },
    "editorialHeadline020": Object {
      "fontFamily": "\\"Bitter\\", serif",
      "fontSize": "20px",
      "fontWeight": 500,
      "letterSpacing": "0",
      "lineHeight": 1.125,
    },
    "editorialHeadline030": Object {
      "fontFamily": "\\"Bitter\\", serif",
      "fontSize": "22px",
      "fontWeight": 500,
      "letterSpacing": "0",
      "lineHeight": 1.125,
    },
    "editorialHeadline040": Object {
      "fontFamily": "\\"Bitter\\", serif",
      "fontSize": "24px",
      "fontWeight": 500,
      "letterSpacing": "0",
      "lineHeight": 1.125,
    },
    "editorialHeadline050": Object {
      "fontFamily": "\\"Bitter\\", serif",
      "fontSize": "28px",
      "fontWeight": 500,
      "letterSpacing": "0",
      "lineHeight": 1.125,
    },
    "editorialHeadline060": Object {
      "fontFamily": "\\"Bitter\\", serif",
      "fontSize": "32px",
      "fontWeight": 500,
      "letterSpacing": "0",
      "lineHeight": 1.125,
    },
    "editorialHeadline070": Object {
      "fontFamily": "\\"Bitter\\", serif",
      "fontSize": "36px",
      "fontWeight": 500,
      "letterSpacing": "0",
      "lineHeight": 1.125,
    },
    "editorialHeadline080": Object {
      "fontFamily": "\\"Bitter\\", serif",
      "fontSize": "40px",
      "fontWeight": 500,
      "letterSpacing": "0",
      "lineHeight": 1.125,
    },
    "editorialLabel010": Object {
      "fontFamily": "\\"Poppins\\", sans-serif",
      "fontSize": "12px",
      "fontWeight": 500,
      "letterSpacing": "0",
      "lineHeight": 1.125,
    },
    "editorialLabel020": Object {
      "fontFamily": "\\"Poppins\\", sans-serif",
      "fontSize": "14px",
      "fontWeight": 500,
      "letterSpacing": "0",
      "lineHeight": 1.125,
    },
    "editorialLabel030": Object {
      "fontFamily": "\\"Poppins\\", sans-serif",
      "fontSize": "16px",
      "fontWeight": 500,
      "letterSpacing": "0",
      "lineHeight": 1.125,
    },
    "editorialParagraph010": Object {
      "fontFamily": "\\"DM Sans\\", sans-serif",
      "fontSize": "14px",
      "fontWeight": 400,
      "letterSpacing": "0",
      "lineHeight": 1.5,
    },
    "editorialParagraph020": Object {
      "fontFamily": "\\"DM Sans\\", sans-serif",
      "fontSize": "16px",
      "fontWeight": 400,
      "letterSpacing": "0",
      "lineHeight": 1.5,
    },
    "editorialParagraph030": Object {
      "fontFamily": "\\"DM Sans\\", sans-serif",
      "fontSize": "18px",
      "fontWeight": 400,
      "letterSpacing": "0",
      "lineHeight": 1.5,
    },
    "editorialQuote010": Object {
      "fontFamily": "\\"Poppins\\", sans-serif",
      "fontSize": "22px",
      "fontWeight": 400,
      "letterSpacing": "0",
      "lineHeight": 1.25,
    },
    "editorialQuote020": Object {
      "fontFamily": "\\"Poppins\\", sans-serif",
      "fontSize": "28px",
      "fontWeight": 400,
      "letterSpacing": "0",
      "lineHeight": 1.25,
    },
    "editorialSubheadline010": Object {
      "fontFamily": "\\"Bitter\\", serif",
      "fontSize": "16px",
      "fontWeight": 400,
      "letterSpacing": "0",
      "lineHeight": 1.125,
    },
    "editorialSubheadline020": Object {
      "fontFamily": "\\"Bitter\\", serif",
      "fontSize": "20px",
      "fontWeight": 400,
      "letterSpacing": "0",
      "lineHeight": 1.125,
    },
    "editorialSubheadline030": Object {
      "fontFamily": "\\"Bitter\\", serif",
      "fontSize": "22px",
      "fontWeight": 400,
      "letterSpacing": "0",
      "lineHeight": 1.125,
    },
    "editorialSubheadline040": Object {
      "fontFamily": "\\"Bitter\\", serif",
      "fontSize": "24px",
      "fontWeight": 400,
      "letterSpacing": "0",
      "lineHeight": 1.125,
    },
    "editorialSubheadline050": Object {
      "fontFamily": "\\"Bitter\\", serif",
      "fontSize": "28px",
      "fontWeight": 400,
      "letterSpacing": "0",
      "lineHeight": 1.125,
    },
    "utilityBody010": Object {
      "fontFamily": "\\"DM Sans\\", sans-serif",
      "fontSize": "12px",
      "fontWeight": 400,
      "letterSpacing": "0",
      "lineHeight": 1.5,
    },
    "utilityBody020": Object {
      "fontFamily": "\\"DM Sans\\", sans-serif",
      "fontSize": "14px",
      "fontWeight": 400,
      "letterSpacing": "0",
      "lineHeight": 1.5,
    },
    "utilityBody030": Object {
      "fontFamily": "\\"DM Sans\\", sans-serif",
      "fontSize": "16px",
      "fontWeight": 400,
      "letterSpacing": "0",
      "lineHeight": 1.5,
    },
    "utilityButton010": Object {
      "fontFamily": "\\"Poppins\\", sans-serif",
      "fontSize": "12px",
      "fontWeight": 500,
      "letterSpacing": "0",
      "lineHeight": 1.5,
    },
    "utilityButton020": Object {
      "fontFamily": "\\"Poppins\\", sans-serif",
      "fontSize": "14px",
      "fontWeight": 500,
      "letterSpacing": "0",
      "lineHeight": 1.5,
    },
    "utilityButton030": Object {
      "fontFamily": "\\"Poppins\\", sans-serif",
      "fontSize": "16px",
      "fontWeight": 500,
      "letterSpacing": "0",
      "lineHeight": 1.5,
    },
    "utilityHeading010": Object {
      "fontFamily": "\\"Poppins\\", sans-serif",
      "fontSize": "16px",
      "fontWeight": 700,
      "letterSpacing": "0",
      "lineHeight": 1.125,
    },
    "utilityHeading020": Object {
      "fontFamily": "\\"Poppins\\", sans-serif",
      "fontSize": "18px",
      "fontWeight": 700,
      "letterSpacing": "0",
      "lineHeight": 1.125,
    },
    "utilityHeading030": Object {
      "fontFamily": "\\"Poppins\\", sans-serif",
      "fontSize": "20px",
      "fontWeight": 700,
      "letterSpacing": "0",
      "lineHeight": 1.125,
    },
    "utilityHeading040": Object {
      "fontFamily": "\\"Poppins\\", sans-serif",
      "fontSize": "22px",
      "fontWeight": 700,
      "letterSpacing": "0",
      "lineHeight": 1.125,
    },
    "utilityHeading050": Object {
      "fontFamily": "\\"Poppins\\", sans-serif",
      "fontSize": "24px",
      "fontWeight": 700,
      "letterSpacing": "0",
      "lineHeight": 1.125,
    },
    "utilityLabel010": Object {
      "fontFamily": "\\"Poppins\\", sans-serif",
      "fontSize": "12px",
      "fontWeight": 500,
      "letterSpacing": "0",
      "lineHeight": 1.5,
    },
    "utilityLabel020": Object {
      "fontFamily": "\\"Poppins\\", sans-serif",
      "fontSize": "14px",
      "fontWeight": 500,
      "letterSpacing": "0",
      "lineHeight": 1.5,
    },
    "utilityLabel030": Object {
      "fontFamily": "\\"Poppins\\", sans-serif",
      "fontSize": "16px",
      "fontWeight": 500,
      "letterSpacing": "0",
      "lineHeight": 1.5,
    },
    "utilityMeta010": Object {
      "fontFamily": "\\"DM Sans\\", sans-serif",
      "fontSize": "12px",
      "fontWeight": 500,
      "letterSpacing": "0",
      "lineHeight": 1.5,
    },
    "utilityMeta020": Object {
      "fontFamily": "\\"DM Sans\\", sans-serif",
      "fontSize": "14px",
      "fontWeight": 500,
      "letterSpacing": "0",
      "lineHeight": 1.5,
    },
    "utilitySubheading010": Object {
      "fontFamily": "\\"Poppins\\", sans-serif",
      "fontSize": "14px",
      "fontWeight": 500,
      "letterSpacing": "0",
      "lineHeight": 1.125,
    },
    "utilitySubheading020": Object {
      "fontFamily": "\\"DM Sans\\", sans-serif",
      "fontSize": "16px",
      "fontWeight": 500,
      "letterSpacing": "0",
      "lineHeight": 1.125,
    },
    "utilitySubheading030": Object {
      "fontFamily": "\\"Poppins\\", sans-serif",
      "fontSize": "18px",
      "fontWeight": 500,
      "letterSpacing": "0",
      "lineHeight": 1.125,
    },
    "utilitySubheading040": Object {
      "fontFamily": "\\"DM Sans\\", sans-serif",
      "fontSize": "20px",
      "fontWeight": 500,
      "letterSpacing": "0",
      "lineHeight": 1.125,
    },
    "utilitySubheading050": Object {
      "fontFamily": "\\"Poppins\\", sans-serif",
      "fontSize": "22px",
      "fontWeight": 500,
      "letterSpacing": "0",
      "lineHeight": 1.125,
    },
  },
}
`;
