// Jest Snapshot v1, https://goo.gl/fbAQLP

exports[`EmailInput renders correctly with label hidden 1`] = `
<DocumentFragment>
  .emotion-1 {
  position: relative;
}

.emotion-2 {
  box-sizing: border-box;
  width: 100%;
  cursor: default;
}

.emotion-4 {
  margin: 0;
}

<div
    class="emotion-0"
  >
    <div
      class="emotion-1"
    >
      <input
        aria-describedby="mock-nk-1-assistive-text"
        aria-invalid="false"
        class="emotion-2"
        id="mock-nk-1"
        spellcheck="false"
        type="email"
      />
    </div>
    <div
      class="emotion-3"
    >
      <p
        class="emotion-4"
        id="mock-nk-1-assistive-text"
      >
        assistiveText
      </p>
    </div>
  </div>
</DocumentFragment>
`;
