// Jest Snapshot v1, https://goo.gl/fbAQLP

exports[`Foundation Page Template renders with feature card 1`] = `
<DocumentFragment>
  .emotion-0 {
  --borderWidth000: 0;
  --borderWidth010: 1px;
  --borderWidthDefault: 1px;
  --borderWidth020: 2px;
  --borderWidth030: 4px;
  --borderRadiusSharp: 0;
  --borderRadiusCircle: 50%;
  --borderRadiusPill: 20rem;
  --borderRadiusDefault: 8px;
  -webkit---borderRadiusRounded010: 4px;
  --borderRadiusRounded010: 4px;
  -webkit---borderRadiusRounded020: 8px;
  --borderRadiusRounded020: 8px;
  -webkit---borderRadiusRounded030: 12px;
  --borderRadiusRounded030: 12px;
  -webkit---borderRadiusRounded040: 16px;
  --borderRadiusRounded040: 16px;
  -webkit---borderRadiusRounded050: 24px;
  --borderRadiusRounded050: 24px;
  --color-blue010: #ECF1FF;
  --color-blue020: #D5E0FC;
  --color-blue030: #AEBFFF;
  --color-blue040: #8BA6F6;
  --color-blue050: #577FFB;
  --color-blue060: #3358CC;
  --color-blue070: #254CAC;
  --color-blue080: #12387A;
  --color-blue090: #03264D;
  --color-blue100: #060F2C;
  --color-teal010: #E6F4F6;
  --color-teal020: #C7E7EA;
  --color-teal030: #97D0D6;
  --color-teal040: #5EB8C0;
  --color-teal050: #289FAB;
  --color-teal060: #017582;
  --color-teal070: #005B65;
  --color-teal080: #004249;
  --color-teal090: #002B30;
  --color-teal100: #001314;
  --color-red010: #FEECEC;
  --color-red020: #FED8D8;
  --color-red030: #FEB3B3;
  --color-red040: #FE8888;
  --color-red050: #FB5959;
  --color-red060: #D60000;
  --color-red070: #A90000;
  --color-red080: #7D0000;
  --color-red090: #550000;
  --color-red100: #2D0000;
  --color-green010: #E5F4EA;
  --color-green020: #C8E4D0;
  --color-green030: #95CAA3;
  --color-green040: #6DB681;
  --color-green050: #41A05B;
  --color-green060: #007B22;
  --color-green070: #00601A;
  --color-green080: #004514;
  --color-green090: #002D0D;
  --color-green100: #001506;
  --color-amber010: #FFEDE1;
  --color-amber020: #FDDCC6;
  --color-amber030: #FEB788;
  --color-amber040: #F79247;
  --color-amber050: #CD6900;
  --color-amber060: #A75500;
  --color-amber070: #804200;
  --color-amber080: #5D2F00;
  --color-amber090: #3C1F00;
  --color-amber100: #1D0D02;
  --color-neutral010: #F1F1F1;
  --color-neutral020: #E2E2E2;
  --color-neutral030: #C6C6C6;
  --color-neutral040: #ABABAB;
  --color-neutral050: #919191;
  --color-neutral060: #6A6A6A;
  --color-neutral070: #525252;
  --color-neutral080: #3B3B3B;
  --color-neutral090: #262626;
  --color-neutral100: #111111;
  --color-purple010: #EFF0FF;
  --color-purple020: #DFE0FE;
  --color-purple030: #C0C2FC;
  --color-purple040: #A3A3FB;
  --color-purple050: #8883F6;
  --color-purple060: #6454E3;
  --color-purple070: #4C33CC;
  --color-purple080: #37239C;
  --color-purple090: #231668;
  --color-purple100: #0F0936;
  --color-blackTint010: rgba(0,0,0,0.1);
  --color-blackTint020: rgba(0,0,0,0.2);
  --color-blackTint030: rgba(0,0,0,0.3);
  --color-blackTint040: rgba(0,0,0,0.4);
  --color-blackTint050: rgba(0,0,0,0.5);
  --color-blackTint060: rgba(0,0,0,0.6);
  --color-blackTint070: rgba(0,0,0,0.7);
  --color-blackTint080: rgba(0,0,0,0.8);
  --color-blackTint090: rgba(0,0,0,0.9);
  --color-black: #0A0A0A;
  --color-whiteTint010: rgba(255,255,255,0.1);
  --color-whiteTint020: rgba(255,255,255,0.2);
  --color-whiteTint030: rgba(255,255,255,0.3);
  --color-whiteTint040: rgba(255,255,255,0.4);
  --color-whiteTint050: rgba(255,255,255,0.5);
  --color-whiteTint060: rgba(255,255,255,0.6);
  --color-whiteTint070: rgba(255,255,255,0.7);
  --color-whiteTint080: rgba(255,255,255,0.8);
  --color-whiteTint090: rgba(255,255,255,0.9);
  --color-white: #FFFFFF;
  --color-socialTwitter: #1DA1F2;
  --color-socialFacebook: #1877F2;
  --color-socialInstagram: #C32AA3;
  --color-socialYoutube: #FF0000;
  --color-socialWhatsapp: #25D366;
  --color-socialReddit: #FF4500;
  --color-socialGithub: #000000;
  --color-socialApple: #000000;
  --color-socialGoogleBlue: #4285F4;
  --color-socialGoogleRed: #DB4437;
  --color-socialGoogleYellow: #F4B400;
  --color-socialGoogleGreen: #0F9D58;
  --color-focus010: #3768FB;
  --color-transparent: transparent;
  --color-blue055: #446be4;
  --color-purple055: #6e61e4;
  --color-teal055: #06808e;
  --color-darkBlue100: #09111C;
  --color-darkBlue095: #0F1B2C;
  --color-darkBlue090: #15263E;
  --color-darkBlue080: #2E3F54;
  --color-darkBlue070: #435365;
  --color-darkBlue060: #5A6A79;
  --color-darkBlue050: #85939C;
  --color-darkBlue040: #A1ACB4;
  --color-darkBlue030: #C0C7CC;
  --color-darkBlue020: #DEE2E5;
  --color-darkBlue010: #F0F1F3;
  --color-inkBase: #2E3F54;
  --color-inkContrast: #09111C;
  --color-inkSubtle: #5A6A79;
  --color-inkNonEssential: #C0C7CC;
  --color-inkInverse: #FFFFFF;
  --color-inkLight010: #FFFFFF;
  --color-inkDark010: #09111C;
  --color-inkPositive: #007B22;
  --color-inkNegative: #D60000;
  --color-inkNotice: #435365;
  --color-inkInformative: #017582;
  --color-inkBrand010: #017582;
  --color-inkBrand020: #004249;
  --color-interfaceBackground: #FFFFFF;
  --color-interface010: #F0F1F3;
  --color-interface020: #F0F1F3;
  --color-interface030: #DEE2E5;
  --color-interface040: #DEE2E5;
  --color-interface050: #C0C7CC;
  --color-interface060: #09111C;
  --color-interfaceBrand010: #C7E7EA;
  --color-interfaceBrand020: #97D0D6;
  --color-interfacePositive010: #007B22;
  --color-interfacePositive020: #E5F4EA;
  --color-interfaceNegative010: #D60000;
  --color-interfaceNegative020: #FEECEC;
  --color-interfaceNotice010: #2E3F54;
  --color-interfaceNotice020: #F0F1F3;
  --color-interfaceInformative010: #017582;
  --color-interfaceInformative020: #E6F4F6;
  --color-interfaceNeutral010: #2E3F54;
  --color-interfaceNeutral020: #F0F1F3;
  --color-interfaceSkeleton010: #F0F1F3;
  --color-interfaceSkeleton020: #DEE2E5;
  --color-interactivePrimary010: #ECF1FF;
  --color-interactivePrimary020: #D5E0FC;
  --color-interactivePrimary030: #3358CC;
  --color-interactivePrimary040: #254CAC;
  --color-interactivePrimary050: #12387A;
  --color-interactiveSecondary010: #F0F1F3;
  --color-interactiveSecondary020: #DEE2E5;
  --color-interactiveSecondary030: #2E3F54;
  --color-interactiveSecondary040: #15263E;
  --color-interactiveSecondary050: #09111C;
  --color-interactivePositive010: #E5F4EA;
  --color-interactivePositive020: #C8E4D0;
  --color-interactivePositive030: #007B22;
  --color-interactivePositive040: #00601A;
  --color-interactivePositive050: #004514;
  --color-interactiveNegative010: #FEECEC;
  --color-interactiveNegative020: #FED8D8;
  --color-interactiveNegative030: #D60000;
  --color-interactiveNegative040: #A90000;
  --color-interactiveNegative050: #7D0000;
  --color-interactiveInverse010: rgba(255,255,255,0.1);
  --color-interactiveInverse020: rgba(255,255,255,0.2);
  --color-interactiveInverse030: #FFFFFF;
  --color-interactiveInverse040: rgba(255,255,255,0.7);
  --color-interactiveInverse050: rgba(255,255,255,0.8);
  --color-interactiveInput010: #F0F1F3;
  --color-interactiveInput020: #85939C;
  --color-interactiveInput030: #ECF1FF;
  --color-interactiveInput040: #3358CC;
  --color-interactiveInput050: #254CAC;
  --color-interactiveLink010: #3358CC;
  --color-interactiveLink020: #254CAC;
  --color-interactiveLink030: #12387A;
  --color-interactiveDisabled010: #DEE2E5;
  --color-interactiveVisited010: #6454E3;
  --color-interactiveFocus010: #3768FB;
  --color-inkWhiteSubtle: rgba(255,255,255,0.8);
  --color-inkWhiteContrast: #FFFFFF;
  --color-inkBrand030: #017582;
  --color-interfaceBrand030: #017582;
  --color-interfaceBrand040: #005B65;
  --color-interfaceBrand050: #004249;
  --color-interfaceBrand060: #017582;
  --color-illustrationPalette010: #E6F4F6;
  --color-illustrationPalette020: #C7E7EA;
  --color-illustrationPalette030: #97D0D6;
  --color-illustrationPalette040: #5EB8C0;
  --color-illustrationPalette050: #289FAB;
  --color-illustrationPalette060: #06808e;
  --color-illustrationPalette070: #017582;
  --color-illustrationPalette080: #005B65;
  --color-illustrationPalette090: #004249;
  --color-illustrationPalette100: #002B30;
  --color-illustrationHighlight010: #289FAB;
  --color-illustrationSubtle010: #85939C;
  --color-illustrationShadow010: rgba(0,0,0,0.3);
  --color-illustrationGradient010: linear-gradient(0deg, rgba(10,10,10,0.00) 0%, rgba(10,10,10,1) 100%);
  --color-illustrationGradient020: linear-gradient(0deg, rgba(255,255,255,0.00) 0%, rgba(255,255,255,1) 100%);
  --color-illustrationBackground010: #ECF1FF;
  --color-illustrationBackground020: #F0F1F3;
  --color-illustrationBorder010: #DEE2E5;
  --color-illustrationBorder020: #C0C7CC;
  --color-illustrationDisabled: #DEE2E5;
  --color-illustrationInterface010: #FFFFFF;
  --color-illustrationInterface020: #E6F4F6;
  --color-illustrationInterface030: #C7E7EA;
  --color-illustrationInterface040: #97D0D6;
  --color-illustrationInterface050: #5EB8C0;
  --color-illustrationInterface060: #289FAB;
  --color-illustrationInterface070: #06808e;
  --color-illustrationInterface080: #017582;
  --color-illustrationInterface090: #005B65;
  --color-illustrationInterface100: #004249;
  --color-illustrationAnatomySubtle: #97D0D6;
  --color-illustrationAnatomyBorder010: #97D0D6;
  --color-illustrationAnatomyBorder020: #005B65;
  --overlayGradientInverseVertical: linear-gradient(180deg,  rgba(22,39,64,0.00) 0%,rgba(22,39,64,1.00)100%);
  --overlayGradientBaseVertical: linear-gradient(180deg, rgba(255,255,255,0.00) 0%, rgba(255,255,255,1.00) 100%);
  --overlayGradientInverseHorizontal: linear-gradient(270deg, rgba(22,39,64,0.00) 0%,rgba(22,39,64,1.00) 100%);
  --overlayGradientBaseHorizontal: linear-gradient(-90deg, rgba(255,255,255,0.00) 0%, rgba(255,255,255,1.00) 100%);
  --overlayGradientFromBottom: linear-gradient(180deg, rgba(10,10,10,0.00) 0%, rgba(10,10,10,1.00) 100%);
  --overlayGradientFromBottomLeft: linear-gradient(225deg, rgba(10,10,10,0.00) 0%, rgba(10,10,10,1.00) 100%);
  --overlayGradientFromBottomRight: linear-gradient(135deg, rgba(10,10,10,0.00) 0%, rgba(10,10,10,1.00) 100%);
  --overlayGradientFromLeft: linear-gradient(-90deg, rgba(10,10,10,0.00) 0%, rgba(10,10,10,1.00) 100%);
  --overlayGradientFromRight: linear-gradient(90deg, rgba(10,10,10,0.00) 0%, rgba(10,10,10,1.00) 100%);
  --overlayGradientFromTop: linear-gradient(0deg, rgba(10,10,10,0.00) 0%, rgba(10,10,10,0.99) 100%);
  --overlayGradientFromTopLeft: linear-gradient(-45deg, rgba(10,10,10,0.00) 0%, rgba(10,10,10,1.00) 99.25%);
  --overlayGradientFromTopRight: linear-gradient(45deg, rgba(10,10,10,0.00) 0%, rgba(10,10,10,1.00) 100%);
  --overlayTintInverse010: rgba(255,255,255,0.2);
  --overlayTintInverse020: rgba(255,255,255,0.4);
  --overlayTintInverse030: rgba(255,255,255,0.6);
  --overlayTintInverse040: rgba(255,255,255,0.8);
  --overlayTintBase010: rgba(22,39,64,0.2);
  --overlayTintBase020: rgba(22,39,64,0.4);
  --overlayTintBase030: rgba(22,39,64,0.6);
  --overlayTintBase040: rgba(22,39,64,0.8);
  --opacity000: 0;
  --opacity010: 0.1;
  --opacity020: 0.2;
  --opacity030: 0.3;
  --opacity040: 0.4;
  --opacity050: 0.5;
  --opacity060: 0.6;
  --opacity070: 0.7;
  --opacity080: 0.8;
  --opacity090: 0.9;
  --opacity100: 1;
  --motionDuration000: 0ms;
  --motionDuration010: 100ms;
  --motionDuration020: 200ms;
  --motionDuration030: 300ms;
  --motionDuration040: 400ms;
  --motionDuration050: 500ms;
  --motionTimingLinear: linear;
  --motionTimingEaseIn: cubic-bezier(.5, 0, 1, 1);
  --motionTimingEaseOut: cubic-bezier(0, 0, .5, 1);
  --motionTimingEaseInAndOut: cubic-bezier(.5, 0, .5, 1);
  --shadow010: 0 0 2px 0 rgba(10,10,10,0.08);
  --shadow020: 0 2px 4px 0 rgba(10,10,10,0.08);
  --shadow030: 0 4px 8px 0 rgba(10,10,10,0.08);
  --shadow040: 0 8px 16px 0 rgba(10,10,10,0.08);
  --shadow050: 0 16px 24px 0 rgba(10,10,10,0.08);
  --shadow060: 0 20px 32px 0 rgba(10,10,10,0.08);
  --sizing000: 0;
  --sizing010: 4px;
  --sizing020: 8px;
  --sizing030: 12px;
  --sizing040: 16px;
  --sizing045: 20px;
  --sizing050: 24px;
  --sizing060: 32px;
  --sizing070: 40px;
  --sizing080: 48px;
  --sizing090: 64px;
  --sizing100: 80px;
  --sizing110: 120px;
  --sizing120: 160px;
  --iconSize005: 8px;
  --iconSize010: 16px;
  --iconSize020: 24px;
  --iconSize030: 32px;
  --iconSize040: 48px;
  --iconSize050: 64px;
  --space000: 0;
  --space010: 4px;
  --space020: 8px;
  --space030: 12px;
  --space040: 16px;
  --space045: 20px;
  --space050: 24px;
  --space060: 32px;
  --space070: 40px;
  --space080: 48px;
  --space090: 64px;
  --space100: 80px;
  --space110: 120px;
  --space120: 160px;
  --spaceInset000: 0;
  --spaceInset010: 4px;
  --spaceInset020: 8px;
  --spaceInset030: 12px;
  --spaceInset040: 16px;
  --spaceInset045: 20px;
  --spaceInset050: 24px;
  --spaceInset060: 32px;
  --spaceInset070: 48px;
  --spaceInsetSquish000: 0;
  --spaceInsetSquish010: 4px 8px;
  --spaceInsetSquish020: 8px 12px;
  --spaceInsetSquish030: 12px 16px;
  --spaceInsetSquish040: 16px 24px;
  --spaceInsetSquish050: 24px 32px;
  --spaceInsetSquish060: 32px 48px;
  --spaceInsetStretch000: 0;
  --spaceInsetStretch010: 8px 4px;
  --spaceInsetStretch020: 12px 8px;
  --spaceInsetStretch030: 16px 12px;
  --spaceInsetStretch040: 24px 16px;
  --spaceInsetStretch050: 32px 24px;
  --spaceInsetStretch060: 48px 32px;
}

.emotion-1 {
  --parent-spacing: calc(
      var(--main-el-block-spacing) + var(--main-el-container-block-spacing)
    );
  padding-top: calc(var(--page-content-padding) + var(--header-size));
  margin-top: calc(-1 * (var(--parent-spacing)));
}

@media screen and (max-width: 1023px) {
  .emotion-1 {
    --main-el-container-block-spacing: 24px;
  }
}

@media screen and (min-width: 1024px) {
  .emotion-1 {
    --main-el-container-block-spacing: 80px;
  }
}

@media screen and (max-width: 1023px) {
  .emotion-1 {
    --main-el-block-spacing: 32px;
  }
}

@media screen and (min-width: 1024px) {
  .emotion-1 {
    --main-el-block-spacing: 12px;
  }
}

@media screen and (max-width: 1023px) {
  .emotion-1 {
    --header-size: 48px;
  }
}

@media screen and (min-width: 1024px) {
  .emotion-1 {
    --header-size: 80px;
  }
}

@media screen and (max-width: 767px) {
  .emotion-1 {
    --page-content-padding: 48px;
  }
}

@media screen and (min-width: 768px) and (max-width: 1023px) {
  .emotion-1 {
    --page-content-padding: 64px;
  }
}

@media screen and (min-width: 1024px) {
  .emotion-1 {
    --page-content-padding: 80px;
  }
}

@media screen and (max-width: 767px) {
  .emotion-1 {
    padding-bottom: 48px;
  }
}

@media screen and (min-width: 768px) and (max-width: 1023px) {
  .emotion-1 {
    padding-bottom: 64px;
  }
}

@media screen and (min-width: 1024px) {
  .emotion-1 {
    padding-bottom: 80px;
  }
}

<div
    data-comp="layout"
    data-props="{\\"toggleTheme\\":\\"toggle-theme-function\\",\\"themeMode\\":\\"theme-mode\\",\\"path\\":\\"/the-path\\",\\"newPage\\":true}"
  >
    <div
      class="emotion-0"
    >
      <div
        class="emotion-1"
      >
        <div
          data-comp="NewsKit Grid"
          data-props="{
  \\"xsRowGutter\\": \\"space000\\"
}"
          data-testid="Grid"
        >
          IntroductionSection Component
          <div>
            Pattern template content
          </div>
          OnwardJourneySection Component
          <div
            data-comp="NewsKit Cell"
            data-props="{
  \\"xsHidden\\": true,
  \\"smHidden\\": true,
  \\"mdHidden\\": true,
  \\"lgHidden\\": true,
  \\"xlOffset\\": 10,
  \\"xl\\": 2
}"
            data-testid="Cell"
          >
            TableOfContents Component
          </div>
        </div>
      </div>
    </div>
  </div>
</DocumentFragment>
`;

exports[`Foundation Page Template renders with mandatory props only 1`] = `
<DocumentFragment>
  .emotion-0 {
  --borderWidth000: 0;
  --borderWidth010: 1px;
  --borderWidthDefault: 1px;
  --borderWidth020: 2px;
  --borderWidth030: 4px;
  --borderRadiusSharp: 0;
  --borderRadiusCircle: 50%;
  --borderRadiusPill: 20rem;
  --borderRadiusDefault: 8px;
  -webkit---borderRadiusRounded010: 4px;
  --borderRadiusRounded010: 4px;
  -webkit---borderRadiusRounded020: 8px;
  --borderRadiusRounded020: 8px;
  -webkit---borderRadiusRounded030: 12px;
  --borderRadiusRounded030: 12px;
  -webkit---borderRadiusRounded040: 16px;
  --borderRadiusRounded040: 16px;
  -webkit---borderRadiusRounded050: 24px;
  --borderRadiusRounded050: 24px;
  --color-blue010: #ECF1FF;
  --color-blue020: #D5E0FC;
  --color-blue030: #AEBFFF;
  --color-blue040: #8BA6F6;
  --color-blue050: #577FFB;
  --color-blue060: #3358CC;
  --color-blue070: #254CAC;
  --color-blue080: #12387A;
  --color-blue090: #03264D;
  --color-blue100: #060F2C;
  --color-teal010: #E6F4F6;
  --color-teal020: #C7E7EA;
  --color-teal030: #97D0D6;
  --color-teal040: #5EB8C0;
  --color-teal050: #289FAB;
  --color-teal060: #017582;
  --color-teal070: #005B65;
  --color-teal080: #004249;
  --color-teal090: #002B30;
  --color-teal100: #001314;
  --color-red010: #FEECEC;
  --color-red020: #FED8D8;
  --color-red030: #FEB3B3;
  --color-red040: #FE8888;
  --color-red050: #FB5959;
  --color-red060: #D60000;
  --color-red070: #A90000;
  --color-red080: #7D0000;
  --color-red090: #550000;
  --color-red100: #2D0000;
  --color-green010: #E5F4EA;
  --color-green020: #C8E4D0;
  --color-green030: #95CAA3;
  --color-green040: #6DB681;
  --color-green050: #41A05B;
  --color-green060: #007B22;
  --color-green070: #00601A;
  --color-green080: #004514;
  --color-green090: #002D0D;
  --color-green100: #001506;
  --color-amber010: #FFEDE1;
  --color-amber020: #FDDCC6;
  --color-amber030: #FEB788;
  --color-amber040: #F79247;
  --color-amber050: #CD6900;
  --color-amber060: #A75500;
  --color-amber070: #804200;
  --color-amber080: #5D2F00;
  --color-amber090: #3C1F00;
  --color-amber100: #1D0D02;
  --color-neutral010: #F1F1F1;
  --color-neutral020: #E2E2E2;
  --color-neutral030: #C6C6C6;
  --color-neutral040: #ABABAB;
  --color-neutral050: #919191;
  --color-neutral060: #6A6A6A;
  --color-neutral070: #525252;
  --color-neutral080: #3B3B3B;
  --color-neutral090: #262626;
  --color-neutral100: #111111;
  --color-purple010: #EFF0FF;
  --color-purple020: #DFE0FE;
  --color-purple030: #C0C2FC;
  --color-purple040: #A3A3FB;
  --color-purple050: #8883F6;
  --color-purple060: #6454E3;
  --color-purple070: #4C33CC;
  --color-purple080: #37239C;
  --color-purple090: #231668;
  --color-purple100: #0F0936;
  --color-blackTint010: rgba(0,0,0,0.1);
  --color-blackTint020: rgba(0,0,0,0.2);
  --color-blackTint030: rgba(0,0,0,0.3);
  --color-blackTint040: rgba(0,0,0,0.4);
  --color-blackTint050: rgba(0,0,0,0.5);
  --color-blackTint060: rgba(0,0,0,0.6);
  --color-blackTint070: rgba(0,0,0,0.7);
  --color-blackTint080: rgba(0,0,0,0.8);
  --color-blackTint090: rgba(0,0,0,0.9);
  --color-black: #0A0A0A;
  --color-whiteTint010: rgba(255,255,255,0.1);
  --color-whiteTint020: rgba(255,255,255,0.2);
  --color-whiteTint030: rgba(255,255,255,0.3);
  --color-whiteTint040: rgba(255,255,255,0.4);
  --color-whiteTint050: rgba(255,255,255,0.5);
  --color-whiteTint060: rgba(255,255,255,0.6);
  --color-whiteTint070: rgba(255,255,255,0.7);
  --color-whiteTint080: rgba(255,255,255,0.8);
  --color-whiteTint090: rgba(255,255,255,0.9);
  --color-white: #FFFFFF;
  --color-socialTwitter: #1DA1F2;
  --color-socialFacebook: #1877F2;
  --color-socialInstagram: #C32AA3;
  --color-socialYoutube: #FF0000;
  --color-socialWhatsapp: #25D366;
  --color-socialReddit: #FF4500;
  --color-socialGithub: #000000;
  --color-socialApple: #000000;
  --color-socialGoogleBlue: #4285F4;
  --color-socialGoogleRed: #DB4437;
  --color-socialGoogleYellow: #F4B400;
  --color-socialGoogleGreen: #0F9D58;
  --color-focus010: #3768FB;
  --color-transparent: transparent;
  --color-blue055: #446be4;
  --color-purple055: #6e61e4;
  --color-teal055: #06808e;
  --color-darkBlue100: #09111C;
  --color-darkBlue095: #0F1B2C;
  --color-darkBlue090: #15263E;
  --color-darkBlue080: #2E3F54;
  --color-darkBlue070: #435365;
  --color-darkBlue060: #5A6A79;
  --color-darkBlue050: #85939C;
  --color-darkBlue040: #A1ACB4;
  --color-darkBlue030: #C0C7CC;
  --color-darkBlue020: #DEE2E5;
  --color-darkBlue010: #F0F1F3;
  --color-inkBase: #2E3F54;
  --color-inkContrast: #09111C;
  --color-inkSubtle: #5A6A79;
  --color-inkNonEssential: #C0C7CC;
  --color-inkInverse: #FFFFFF;
  --color-inkLight010: #FFFFFF;
  --color-inkDark010: #09111C;
  --color-inkPositive: #007B22;
  --color-inkNegative: #D60000;
  --color-inkNotice: #435365;
  --color-inkInformative: #017582;
  --color-inkBrand010: #017582;
  --color-inkBrand020: #004249;
  --color-interfaceBackground: #FFFFFF;
  --color-interface010: #F0F1F3;
  --color-interface020: #F0F1F3;
  --color-interface030: #DEE2E5;
  --color-interface040: #DEE2E5;
  --color-interface050: #C0C7CC;
  --color-interface060: #09111C;
  --color-interfaceBrand010: #C7E7EA;
  --color-interfaceBrand020: #97D0D6;
  --color-interfacePositive010: #007B22;
  --color-interfacePositive020: #E5F4EA;
  --color-interfaceNegative010: #D60000;
  --color-interfaceNegative020: #FEECEC;
  --color-interfaceNotice010: #2E3F54;
  --color-interfaceNotice020: #F0F1F3;
  --color-interfaceInformative010: #017582;
  --color-interfaceInformative020: #E6F4F6;
  --color-interfaceNeutral010: #2E3F54;
  --color-interfaceNeutral020: #F0F1F3;
  --color-interfaceSkeleton010: #F0F1F3;
  --color-interfaceSkeleton020: #DEE2E5;
  --color-interactivePrimary010: #ECF1FF;
  --color-interactivePrimary020: #D5E0FC;
  --color-interactivePrimary030: #3358CC;
  --color-interactivePrimary040: #254CAC;
  --color-interactivePrimary050: #12387A;
  --color-interactiveSecondary010: #F0F1F3;
  --color-interactiveSecondary020: #DEE2E5;
  --color-interactiveSecondary030: #2E3F54;
  --color-interactiveSecondary040: #15263E;
  --color-interactiveSecondary050: #09111C;
  --color-interactivePositive010: #E5F4EA;
  --color-interactivePositive020: #C8E4D0;
  --color-interactivePositive030: #007B22;
  --color-interactivePositive040: #00601A;
  --color-interactivePositive050: #004514;
  --color-interactiveNegative010: #FEECEC;
  --color-interactiveNegative020: #FED8D8;
  --color-interactiveNegative030: #D60000;
  --color-interactiveNegative040: #A90000;
  --color-interactiveNegative050: #7D0000;
  --color-interactiveInverse010: rgba(255,255,255,0.1);
  --color-interactiveInverse020: rgba(255,255,255,0.2);
  --color-interactiveInverse030: #FFFFFF;
  --color-interactiveInverse040: rgba(255,255,255,0.7);
  --color-interactiveInverse050: rgba(255,255,255,0.8);
  --color-interactiveInput010: #F0F1F3;
  --color-interactiveInput020: #85939C;
  --color-interactiveInput030: #ECF1FF;
  --color-interactiveInput040: #3358CC;
  --color-interactiveInput050: #254CAC;
  --color-interactiveLink010: #3358CC;
  --color-interactiveLink020: #254CAC;
  --color-interactiveLink030: #12387A;
  --color-interactiveDisabled010: #DEE2E5;
  --color-interactiveVisited010: #6454E3;
  --color-interactiveFocus010: #3768FB;
  --color-inkWhiteSubtle: rgba(255,255,255,0.8);
  --color-inkWhiteContrast: #FFFFFF;
  --color-inkBrand030: #017582;
  --color-interfaceBrand030: #017582;
  --color-interfaceBrand040: #005B65;
  --color-interfaceBrand050: #004249;
  --color-interfaceBrand060: #017582;
  --color-illustrationPalette010: #E6F4F6;
  --color-illustrationPalette020: #C7E7EA;
  --color-illustrationPalette030: #97D0D6;
  --color-illustrationPalette040: #5EB8C0;
  --color-illustrationPalette050: #289FAB;
  --color-illustrationPalette060: #06808e;
  --color-illustrationPalette070: #017582;
  --color-illustrationPalette080: #005B65;
  --color-illustrationPalette090: #004249;
  --color-illustrationPalette100: #002B30;
  --color-illustrationHighlight010: #289FAB;
  --color-illustrationSubtle010: #85939C;
  --color-illustrationShadow010: rgba(0,0,0,0.3);
  --color-illustrationGradient010: linear-gradient(0deg, rgba(10,10,10,0.00) 0%, rgba(10,10,10,1) 100%);
  --color-illustrationGradient020: linear-gradient(0deg, rgba(255,255,255,0.00) 0%, rgba(255,255,255,1) 100%);
  --color-illustrationBackground010: #ECF1FF;
  --color-illustrationBackground020: #F0F1F3;
  --color-illustrationBorder010: #DEE2E5;
  --color-illustrationBorder020: #C0C7CC;
  --color-illustrationDisabled: #DEE2E5;
  --color-illustrationInterface010: #FFFFFF;
  --color-illustrationInterface020: #E6F4F6;
  --color-illustrationInterface030: #C7E7EA;
  --color-illustrationInterface040: #97D0D6;
  --color-illustrationInterface050: #5EB8C0;
  --color-illustrationInterface060: #289FAB;
  --color-illustrationInterface070: #06808e;
  --color-illustrationInterface080: #017582;
  --color-illustrationInterface090: #005B65;
  --color-illustrationInterface100: #004249;
  --color-illustrationAnatomySubtle: #97D0D6;
  --color-illustrationAnatomyBorder010: #97D0D6;
  --color-illustrationAnatomyBorder020: #005B65;
  --overlayGradientInverseVertical: linear-gradient(180deg,  rgba(22,39,64,0.00) 0%,rgba(22,39,64,1.00)100%);
  --overlayGradientBaseVertical: linear-gradient(180deg, rgba(255,255,255,0.00) 0%, rgba(255,255,255,1.00) 100%);
  --overlayGradientInverseHorizontal: linear-gradient(270deg, rgba(22,39,64,0.00) 0%,rgba(22,39,64,1.00) 100%);
  --overlayGradientBaseHorizontal: linear-gradient(-90deg, rgba(255,255,255,0.00) 0%, rgba(255,255,255,1.00) 100%);
  --overlayGradientFromBottom: linear-gradient(180deg, rgba(10,10,10,0.00) 0%, rgba(10,10,10,1.00) 100%);
  --overlayGradientFromBottomLeft: linear-gradient(225deg, rgba(10,10,10,0.00) 0%, rgba(10,10,10,1.00) 100%);
  --overlayGradientFromBottomRight: linear-gradient(135deg, rgba(10,10,10,0.00) 0%, rgba(10,10,10,1.00) 100%);
  --overlayGradientFromLeft: linear-gradient(-90deg, rgba(10,10,10,0.00) 0%, rgba(10,10,10,1.00) 100%);
  --overlayGradientFromRight: linear-gradient(90deg, rgba(10,10,10,0.00) 0%, rgba(10,10,10,1.00) 100%);
  --overlayGradientFromTop: linear-gradient(0deg, rgba(10,10,10,0.00) 0%, rgba(10,10,10,0.99) 100%);
  --overlayGradientFromTopLeft: linear-gradient(-45deg, rgba(10,10,10,0.00) 0%, rgba(10,10,10,1.00) 99.25%);
  --overlayGradientFromTopRight: linear-gradient(45deg, rgba(10,10,10,0.00) 0%, rgba(10,10,10,1.00) 100%);
  --overlayTintInverse010: rgba(255,255,255,0.2);
  --overlayTintInverse020: rgba(255,255,255,0.4);
  --overlayTintInverse030: rgba(255,255,255,0.6);
  --overlayTintInverse040: rgba(255,255,255,0.8);
  --overlayTintBase010: rgba(22,39,64,0.2);
  --overlayTintBase020: rgba(22,39,64,0.4);
  --overlayTintBase030: rgba(22,39,64,0.6);
  --overlayTintBase040: rgba(22,39,64,0.8);
  --opacity000: 0;
  --opacity010: 0.1;
  --opacity020: 0.2;
  --opacity030: 0.3;
  --opacity040: 0.4;
  --opacity050: 0.5;
  --opacity060: 0.6;
  --opacity070: 0.7;
  --opacity080: 0.8;
  --opacity090: 0.9;
  --opacity100: 1;
  --motionDuration000: 0ms;
  --motionDuration010: 100ms;
  --motionDuration020: 200ms;
  --motionDuration030: 300ms;
  --motionDuration040: 400ms;
  --motionDuration050: 500ms;
  --motionTimingLinear: linear;
  --motionTimingEaseIn: cubic-bezier(.5, 0, 1, 1);
  --motionTimingEaseOut: cubic-bezier(0, 0, .5, 1);
  --motionTimingEaseInAndOut: cubic-bezier(.5, 0, .5, 1);
  --shadow010: 0 0 2px 0 rgba(10,10,10,0.08);
  --shadow020: 0 2px 4px 0 rgba(10,10,10,0.08);
  --shadow030: 0 4px 8px 0 rgba(10,10,10,0.08);
  --shadow040: 0 8px 16px 0 rgba(10,10,10,0.08);
  --shadow050: 0 16px 24px 0 rgba(10,10,10,0.08);
  --shadow060: 0 20px 32px 0 rgba(10,10,10,0.08);
  --sizing000: 0;
  --sizing010: 4px;
  --sizing020: 8px;
  --sizing030: 12px;
  --sizing040: 16px;
  --sizing045: 20px;
  --sizing050: 24px;
  --sizing060: 32px;
  --sizing070: 40px;
  --sizing080: 48px;
  --sizing090: 64px;
  --sizing100: 80px;
  --sizing110: 120px;
  --sizing120: 160px;
  --iconSize005: 8px;
  --iconSize010: 16px;
  --iconSize020: 24px;
  --iconSize030: 32px;
  --iconSize040: 48px;
  --iconSize050: 64px;
  --space000: 0;
  --space010: 4px;
  --space020: 8px;
  --space030: 12px;
  --space040: 16px;
  --space045: 20px;
  --space050: 24px;
  --space060: 32px;
  --space070: 40px;
  --space080: 48px;
  --space090: 64px;
  --space100: 80px;
  --space110: 120px;
  --space120: 160px;
  --spaceInset000: 0;
  --spaceInset010: 4px;
  --spaceInset020: 8px;
  --spaceInset030: 12px;
  --spaceInset040: 16px;
  --spaceInset045: 20px;
  --spaceInset050: 24px;
  --spaceInset060: 32px;
  --spaceInset070: 48px;
  --spaceInsetSquish000: 0;
  --spaceInsetSquish010: 4px 8px;
  --spaceInsetSquish020: 8px 12px;
  --spaceInsetSquish030: 12px 16px;
  --spaceInsetSquish040: 16px 24px;
  --spaceInsetSquish050: 24px 32px;
  --spaceInsetSquish060: 32px 48px;
  --spaceInsetStretch000: 0;
  --spaceInsetStretch010: 8px 4px;
  --spaceInsetStretch020: 12px 8px;
  --spaceInsetStretch030: 16px 12px;
  --spaceInsetStretch040: 24px 16px;
  --spaceInsetStretch050: 32px 24px;
  --spaceInsetStretch060: 48px 32px;
}

.emotion-1 {
  --parent-spacing: calc(
      var(--main-el-block-spacing) + var(--main-el-container-block-spacing)
    );
  padding-top: calc(var(--page-content-padding) + var(--header-size));
  margin-top: calc(-1 * (var(--parent-spacing)));
}

@media screen and (max-width: 1023px) {
  .emotion-1 {
    --main-el-container-block-spacing: 24px;
  }
}

@media screen and (min-width: 1024px) {
  .emotion-1 {
    --main-el-container-block-spacing: 80px;
  }
}

@media screen and (max-width: 1023px) {
  .emotion-1 {
    --main-el-block-spacing: 32px;
  }
}

@media screen and (min-width: 1024px) {
  .emotion-1 {
    --main-el-block-spacing: 12px;
  }
}

@media screen and (max-width: 1023px) {
  .emotion-1 {
    --header-size: 48px;
  }
}

@media screen and (min-width: 1024px) {
  .emotion-1 {
    --header-size: 80px;
  }
}

@media screen and (max-width: 767px) {
  .emotion-1 {
    --page-content-padding: 48px;
  }
}

@media screen and (min-width: 768px) and (max-width: 1023px) {
  .emotion-1 {
    --page-content-padding: 64px;
  }
}

@media screen and (min-width: 1024px) {
  .emotion-1 {
    --page-content-padding: 80px;
  }
}

@media screen and (max-width: 767px) {
  .emotion-1 {
    padding-bottom: 48px;
  }
}

@media screen and (min-width: 768px) and (max-width: 1023px) {
  .emotion-1 {
    padding-bottom: 64px;
  }
}

@media screen and (min-width: 1024px) {
  .emotion-1 {
    padding-bottom: 80px;
  }
}

<div
    data-comp="layout"
    data-props="{\\"toggleTheme\\":\\"toggle-theme-function\\",\\"themeMode\\":\\"theme-mode\\",\\"path\\":\\"/the-path\\",\\"newPage\\":true}"
  >
    <div
      class="emotion-0"
    >
      <div
        class="emotion-1"
      >
        <div
          data-comp="NewsKit Grid"
          data-props="{
  \\"xsRowGutter\\": \\"space000\\"
}"
          data-testid="Grid"
        >
          IntroductionSection Component
          <div>
            Pattern template content
          </div>
          OnwardJourneySection Component
          <div
            data-comp="NewsKit Cell"
            data-props="{
  \\"xsHidden\\": true,
  \\"smHidden\\": true,
  \\"mdHidden\\": true,
  \\"lgHidden\\": true,
  \\"xlOffset\\": 10,
  \\"xl\\": 2
}"
            data-testid="Cell"
          >
            TableOfContents Component
          </div>
        </div>
      </div>
    </div>
  </div>
</DocumentFragment>
`;
