// Jest Snapshot v1, https://goo.gl/fbAQLP

exports[`OptionsSection renders section as expected 1`] = `
<DocumentFragment>
  .emotion-0 {
  margin-top: -24px;
  padding-top: 24px;
}

@media screen and (max-width: 767px) {
  .emotion-1 {
    margin-bottom: 24px;
  }
}

@media screen and (min-width: 768px) {
  .emotion-1 {
    margin-bottom: 32px;
  }
}

.emotion-2 {
  display: -webkit-box;
  display: -webkit-flex;
  display: -ms-flexbox;
  display: flex;
  height: 100%;
  -webkit-align-items: center;
  -webkit-box-align: center;
  -ms-flex-align: center;
  align-items: center;
  -webkit-flex-direction: row;
  -ms-flex-direction: row;
  flex-direction: row;
  -webkit-box-pack: justify;
  -webkit-justify-content: space-between;
  justify-content: space-between;
  padding: 0;
  background-color: transparent;
}

.emotion-3 {
  -webkit-box-flex: 1;
  -webkit-flex-grow: 1;
  -ms-flex-positive: 1;
  flex-grow: 1;
}

@media screen and (max-width: 767px) {
  .emotion-4 {
    font-family: "Poppins",sans-serif;
    font-size: 24px;
    line-height: 27px;
    font-weight: 700;
    letter-spacing: 0;
    padding: 0.5px 0px;
  }

  .emotion-4::before {
    content: '';
    margin-bottom: -0.2155em;
    display: block;
  }

  .emotion-4::after {
    content: '';
    margin-top: -0.2125em;
    display: block;
  }
}

@media screen and (min-width: 768px) {
  .emotion-4 {
    font-family: "Poppins",sans-serif;
    font-size: 28px;
    line-height: 31.5px;
    font-weight: 700;
    letter-spacing: 0;
    padding: 0.5px 0px;
  }

  .emotion-4::before {
    content: '';
    margin-bottom: -0.2155em;
    display: block;
  }

  .emotion-4::after {
    content: '';
    margin-top: -0.2125em;
    display: block;
  }
}

.emotion-5 {
  display: inline;
  font: inherit;
  margin: 0;
  color: #0A0A0A;
}

.emotion-5 svg {
  fill: #0A0A0A;
}

@media screen and (max-width: 1023px) {
  .emotion-6 {
    margin-bottom: 48px;
  }
}

@media screen and (min-width: 1024px) {
  .emotion-6 {
    margin-bottom: 80px;
  }
}

.emotion-7 {
  margin: 0;
  color: #2E2E2E;
  font-family: "Poppins",sans-serif;
  font-size: 20px;
  line-height: 30px;
  font-weight: 500;
  letter-spacing: 0;
  padding: 0.5px 0px;
  display: inline-block;
  display: block;
}

.emotion-7 svg {
  fill: #2E2E2E;
}

.emotion-7::before {
  content: '';
  margin-bottom: -0.403em;
  display: block;
}

.emotion-7::after {
  content: '';
  margin-top: -0.4em;
  display: block;
}

<div
    data-comp="NewsKit Cell"
    data-props="{
  \\"xs\\": 12
}"
    data-testid="Cell"
  >
    <section
      class="emotion-0"
      data-toc-indexed="Options"
      id="options"
    >
      <div
        data-comp="NewsKit Grid"
        data-props="{
  \\"xsMargin\\": \\"space000\\",
  \\"xsRowGutter\\": \\"space000\\"
}"
        data-testid="Grid"
      >
        <div
          data-comp="NewsKit Cell"
          data-props="{
  \\"xs\\": 12,
  \\"md\\": 8,
  \\"lg\\": 10,
  \\"xl\\": 8,
  \\"mdOffset\\": 1
}"
          data-testid="Cell"
        >
          <div
            class="emotion-1"
          >
            <div
              class="emotion-2"
            >
              <div
                class="emotion-3"
              >
                <section
                  class="emotion-4"
                >
                  <h2
                    class="nk-headline-heading emotion-5"
                  >
                    Options
                  </h2>
                </section>
              </div>
            </div>
          </div>
          <div
            class="emotion-6"
          >
            <span
              class="emotion-7"
            >
              behaviours introduction text goes here
            </span>
          </div>
        </div>
        <div
          data-comp="NewsKit Cell"
          data-props="{
  \\"xs\\": 12,
  \\"mdOffset\\": 1,
  \\"md\\": 10,
  \\"xl\\": 8
}"
          data-testid="Cell"
        />
        <div
          data-comp="NewsKit Cell"
          data-props="{
  \\"xs\\": 12,
  \\"md\\": 10,
  \\"xl\\": 8,
  \\"mdOffset\\": 1
}"
          data-testid="Cell"
        >
          <div>
            MediaList Component with props:{
  "cards": [
    {
      "title": "Options Card 1",
      "description": "description text 1",
      "media": {
        "src": "media 1 src",
        "alt": "media 1"
      }
    },
    {
      "title": "Options Card 2",
      "description": "description text 2",
      "media": {
        "src": "media 2 src",
        "alt": "media 2"
      }
    }
  ],
  "cardsLayout": {
    "xs": "vertical",
    "sm": "vertical",
    "md": "horizontal",
    "lg": "horizontal",
    "xl": "horizontal"
  },
  "layout": "1-span"
}
          </div>
        </div>
      </div>
    </section>
  </div>
  @media screen and (max-width: 767px) {
  .emotion-0 {
    margin-top: 64px;
  }
}

@media screen and (min-width: 768px) {
  .emotion-0 {
    margin-top: 80px;
  }
}

@media screen and (max-width: 767px) {
  .emotion-0 {
    margin-bottom: 40px;
  }
}

@media screen and (min-width: 768px) {
  .emotion-0 {
    margin-bottom: 80px;
  }
}

.emotion-1 {
  border-style: solid;
  border-color: #E4E4E4;
  border-width: 1px;
  border-width: 0px;
  margin: 0;
  border-top-width: 1px;
  width: 100%;
}

<div
    data-comp="NewsKit Cell"
    data-props="{
  \\"xs\\": 12,
  \\"md\\": 10,
  \\"xl\\": 8,
  \\"mdOffset\\": 1
}"
    data-testid="Cell"
  >
    <div
      class="emotion-0"
    >
      <hr
        aria-hidden="true"
        class="emotion-1"
        data-testid="divider"
      />
    </div>
  </div>
</DocumentFragment>
`;
