// Jest Snapshot v1, https://goo.gl/fbAQLP

exports[`StatefulSlider holds the slider values in state 1`] = `
<DocumentFragment>
  .emotion-0 {
  display: -webkit-box;
  display: -webkit-flex;
  display: -ms-flexbox;
  display: flex;
  height: 100%;
  -webkit-align-items: center;
  -webkit-box-align: center;
  -ms-flex-align: center;
  align-items: center;
  -webkit-box-flex: 1;
  -webkit-flex-grow: 1;
  -ms-flex-positive: 1;
  flex-grow: 1;
  -webkit-flex-direction: row;
  -ms-flex-direction: row;
  flex-direction: row;
  -webkit-box-pack: center;
  -ms-flex-pack: center;
  -webkit-justify-content: center;
  justify-content: center;
  width: 100%;
  position: relative;
}

.emotion-1 {
  display: -webkit-box;
  display: -webkit-flex;
  display: -ms-flexbox;
  display: flex;
  cursor: -webkit-grabbing;
  cursor: grabbing;
  box-sizing: border-box;
  -webkit-align-self: center;
  -ms-flex-item-align: center;
  align-self: center;
  background-color: #E2E2E2;
  border-radius: 20rem;
  margin: calc(32px/2 - 12px/2) calc(32px/2);
  height: 12px;
  width: 100%;
}

.emotion-1:disabled {
  background-color: #E2E2E2;
}

.emotion-2 {
  box-shadow: 0 0 2px 0 rgba(10,10,10,0.08);
  background-color: #3358CC;
  border-style: solid;
  border-color: #ECF1FF;
  border-width: 1px;
  border-radius: 50%;
  height: 32px;
  width: 32px;
  -webkit-box-pack: center;
  -ms-flex-pack: center;
  -webkit-justify-content: center;
  justify-content: center;
  -webkit-align-items: center;
  -webkit-box-align: center;
  -ms-flex-align: center;
  align-items: center;
  box-sizing: border-box;
  cursor: -webkit-grabbing;
  cursor: grabbing;
}

.emotion-2 svg {
  fill: #ABABAB;
}

.emotion-2:hover:not(:disabled) {
  background-color: #254CAC;
}

.emotion-2:hover:not(:disabled) svg {
  fill: #ABABAB;
}

.emotion-2:active:not(:disabled) {
  background-color: #14328D;
}

.emotion-2:active:not(:disabled) svg {
  fill: #6A6A6A;
}

.emotion-2:disabled {
  box-shadow: none;
  background-color: #C6C6C6;
  border-style: none;
  border-color: none;
  border-width: none;
}

.emotion-2:disabled svg {
  fill: #ABABAB;
}

.emotion-2:focus-visible:not(:disabled) {
  outline-color: #3768FB;
  outline-style: solid;
  outline-width: 2px;
  outline-offset: 2px;
}

@media not all and (min-resolution: 0.001dpcm) {
  @supports (-webkit-appearance: none) and (stroke-color: transparent) {
    .emotion-2:focus-visible:not(:disabled) {
      outline-offset: -7px;
      outline-style: auto;
    }
  }
}

.emotion-3 {
  position: absolute;
  top: 50%;
  left: 50%;
  background-color: #3358CC;
  border-radius: 50%;
  opacity: 0;
  width: 48px;
  height: 48px;
  -webkit-transform: translate3d(calc(48px / -2), calc(48px / -2), 0);
  -moz-transform: translate3d(calc(48px / -2), calc(48px / -2), 0);
  -ms-transform: translate3d(calc(48px / -2), calc(48px / -2), 0);
  transform: translate3d(calc(48px / -2), calc(48px / -2), 0);
}

.emotion-3:hover:not(:disabled) {
  opacity: 0.2;
}

.emotion-3:disabled {
  opacity: 0;
}

.emotion-3:hover:active:not(:disabled) {
  opacity: 0.4;
}

.emotion-3:valid:hover:not(:disabled) {
  background-color: #00601A;
  opacity: 0.2;
}

.emotion-3:valid:hover:active:not(:disabled) {
  background-color: #00601A;
  opacity: 0.4;
}

.emotion-3:invalid:hover:not(:disabled) {
  background-color: #A90000;
  opacity: 0.2;
}

.emotion-3:invalid:hover:active:not(:disabled) {
  background-color: #A90000;
  opacity: 0.4;
}

@media screen and (prefers-reduced-motion: no-preference) {
  .emotion-3 {
    transition-property: opacity;
    transition-duration: 200ms;
    transition-timing-function: cubic-bezier(0, 0, .5, 1);
  }
}

@media screen and (prefers-reduced-motion: reduce) {
  .emotion-3 {
    transition-property: opacity;
    transition-duration: 0ms;
    transition-timing-function: cubic-bezier(0, 0, .5, 1);
  }
}

<div
    class="emotion-0"
    data-testid="slider"
  >
    <div
      class="emotion-1"
      data-testid="slider-track"
      values="40"
    >
      <div
        aria-label="slider"
        aria-orientation="horizontal"
        aria-valuemax="75"
        aria-valuemin="25"
        aria-valuenow="40"
        class="emotion-2"
        data-testid="slider-thumb"
        draggable="false"
        role="slider"
        style="position: absolute; z-index: 0; cursor: grabbing; user-select: none; transform: translate(NaNpx, NaNpx);"
        tabindex="0"
        values="40"
      >
        <span
          class="emotion-3"
          data-testid="slider-feedback"
        />
      </div>
    </div>
  </div>
</DocumentFragment>
`;
