// Jest Snapshot v1, https://goo.gl/fbAQLP

exports[`Standfirst renders as h4 html tag 1`] = `
<DocumentFragment>
  .emotion-0 {
  color: #2E2E2E;
}

@media screen and (max-width: 1023px) {
  .emotion-0 {
    font-family: "Bitter",serif;
    font-size: 16px;
    line-height: 18px;
    font-weight: 400;
    letter-spacing: 0;
    padding: 0.5px 0px;
  }

  .emotion-0::before {
    content: '';
    margin-bottom: -0.2055em;
    display: block;
  }

  .emotion-0::after {
    content: '';
    margin-top: -0.2275em;
    display: block;
  }
}

@media screen and (min-width: 1024px) {
  .emotion-0 {
    font-family: "Bitter",serif;
    font-size: 20px;
    line-height: 22.5px;
    font-weight: 400;
    letter-spacing: 0;
    padding: 0.5px 0px;
  }

  .emotion-0::before {
    content: '';
    margin-bottom: -0.2055em;
    display: block;
  }

  .emotion-0::after {
    content: '';
    margin-top: -0.2275em;
    display: block;
  }
}

<h4
    class="emotion-0"
  />
</DocumentFragment>
`;

exports[`Standfirst renders as span html tag 1`] = `
<DocumentFragment>
  .emotion-0 {
  color: #2E2E2E;
  display: inline-block;
}

@media screen and (max-width: 1023px) {
  .emotion-0 {
    font-family: "Bitter",serif;
    font-size: 16px;
    line-height: 18px;
    font-weight: 400;
    letter-spacing: 0;
    padding: 0.5px 0px;
  }

  .emotion-0::before {
    content: '';
    margin-bottom: -0.2055em;
    display: block;
  }

  .emotion-0::after {
    content: '';
    margin-top: -0.2275em;
    display: block;
  }
}

@media screen and (min-width: 1024px) {
  .emotion-0 {
    font-family: "Bitter",serif;
    font-size: 20px;
    line-height: 22.5px;
    font-weight: 400;
    letter-spacing: 0;
    padding: 0.5px 0px;
  }

  .emotion-0::before {
    content: '';
    margin-bottom: -0.2055em;
    display: block;
  }

  .emotion-0::after {
    content: '';
    margin-top: -0.2275em;
    display: block;
  }
}

<span
    class="emotion-0"
  />
</DocumentFragment>
`;

exports[`Standfirst renders with custom style preset 1`] = `
<DocumentFragment>
  .emotion-0 {
  color: #3358CC;
}

@media screen and (max-width: 1023px) {
  .emotion-0 {
    font-family: "Bitter",serif;
    font-size: 16px;
    line-height: 18px;
    font-weight: 400;
    letter-spacing: 0;
    padding: 0.5px 0px;
  }

  .emotion-0::before {
    content: '';
    margin-bottom: -0.2055em;
    display: block;
  }

  .emotion-0::after {
    content: '';
    margin-top: -0.2275em;
    display: block;
  }
}

@media screen and (min-width: 1024px) {
  .emotion-0 {
    font-family: "Bitter",serif;
    font-size: 20px;
    line-height: 22.5px;
    font-weight: 400;
    letter-spacing: 0;
    padding: 0.5px 0px;
  }

  .emotion-0::before {
    content: '';
    margin-bottom: -0.2055em;
    display: block;
  }

  .emotion-0::after {
    content: '';
    margin-top: -0.2275em;
    display: block;
  }
}

<h2
    class="emotion-0"
  />
</DocumentFragment>
`;

exports[`Standfirst renders with custom typography preset 1`] = `
<DocumentFragment>
  .emotion-0 {
  color: #2E2E2E;
  font-family: "Bitter",serif;
  font-size: 16px;
  line-height: 18px;
  font-weight: 400;
  letter-spacing: 0;
  padding: 0.5px 0px;
}

.emotion-0::before {
  content: '';
  margin-bottom: -0.2055em;
  display: block;
}

.emotion-0::after {
  content: '';
  margin-top: -0.2275em;
  display: block;
}

<h2
    class="emotion-0"
  />
</DocumentFragment>
`;

exports[`Standfirst renders with default styles 1`] = `
<DocumentFragment>
  .emotion-0 {
  color: #2E2E2E;
}

@media screen and (max-width: 1023px) {
  .emotion-0 {
    font-family: "Bitter",serif;
    font-size: 16px;
    line-height: 18px;
    font-weight: 400;
    letter-spacing: 0;
    padding: 0.5px 0px;
  }

  .emotion-0::before {
    content: '';
    margin-bottom: -0.2055em;
    display: block;
  }

  .emotion-0::after {
    content: '';
    margin-top: -0.2275em;
    display: block;
  }
}

@media screen and (min-width: 1024px) {
  .emotion-0 {
    font-family: "Bitter",serif;
    font-size: 20px;
    line-height: 22.5px;
    font-weight: 400;
    letter-spacing: 0;
    padding: 0.5px 0px;
  }

  .emotion-0::before {
    content: '';
    margin-bottom: -0.2055em;
    display: block;
  }

  .emotion-0::after {
    content: '';
    margin-top: -0.2275em;
    display: block;
  }
}

<h2
    class="emotion-0"
  />
</DocumentFragment>
`;
